Archive member included to satisfy reference by file (symbol)

C:/Program Files (x86)/Arm GNU Toolchain arm-none-eabi/13.2 Rel1/bin/../lib/gcc/arm-none-eabi/13.2.1/thumb/v8-m.main+dp/hard\libgcc.a(_aeabi_ldivmod.o)
                              ./ra/fsp/src/r_sci_b_uart/r_sci_b_uart.o (__aeabi_ldivmod)
C:/Program Files (x86)/Arm GNU Toolchain arm-none-eabi/13.2 Rel1/bin/../lib/gcc/arm-none-eabi/13.2.1/thumb/v8-m.main+dp/hard\libgcc.a(_udivmoddi4.o)
                              C:/Program Files (x86)/Arm GNU Toolchain arm-none-eabi/13.2 Rel1/bin/../lib/gcc/arm-none-eabi/13.2.1/thumb/v8-m.main+dp/hard\libgcc.a(_aeabi_ldivmod.o) (__udivmoddi4)
C:/Program Files (x86)/Arm GNU Toolchain arm-none-eabi/13.2 Rel1/bin/../lib/gcc/arm-none-eabi/13.2.1/thumb/v8-m.main+dp/hard\libgcc.a(_dvmd_tls.o)
                              C:/Program Files (x86)/Arm GNU Toolchain arm-none-eabi/13.2 Rel1/bin/../lib/gcc/arm-none-eabi/13.2.1/thumb/v8-m.main+dp/hard\libgcc.a(_aeabi_ldivmod.o) (__aeabi_ldiv0)
C:/Program Files (x86)/Arm GNU Toolchain arm-none-eabi/13.2 Rel1/bin/../lib/gcc/arm-none-eabi/13.2.1/thumb/v8-m.main+dp/hard\libg_nano.a(libc_a-exit.o)
                              C:/Program Files (x86)/Arm GNU Toolchain arm-none-eabi/13.2 Rel1/bin/../lib/gcc/arm-none-eabi/13.2.1/thumb/v8-m.main+dp/hard/rdimon-crt0.o (exit)
C:/Program Files (x86)/Arm GNU Toolchain arm-none-eabi/13.2 Rel1/bin/../lib/gcc/arm-none-eabi/13.2.1/thumb/v8-m.main+dp/hard\libg_nano.a(libc_a-findfp.o)
                              C:/Program Files (x86)/Arm GNU Toolchain arm-none-eabi/13.2 Rel1/bin/../lib/gcc/arm-none-eabi/13.2.1/thumb/v8-m.main+dp/hard\libg_nano.a(libc_a-exit.o) (__stdio_exit_handler)
C:/Program Files (x86)/Arm GNU Toolchain arm-none-eabi/13.2 Rel1/bin/../lib/gcc/arm-none-eabi/13.2.1/thumb/v8-m.main+dp/hard\libg_nano.a(libc_a-fwalk.o)
                              C:/Program Files (x86)/Arm GNU Toolchain arm-none-eabi/13.2 Rel1/bin/../lib/gcc/arm-none-eabi/13.2.1/thumb/v8-m.main+dp/hard\libg_nano.a(libc_a-findfp.o) (_fwalk_sglue)
C:/Program Files (x86)/Arm GNU Toolchain arm-none-eabi/13.2 Rel1/bin/../lib/gcc/arm-none-eabi/13.2.1/thumb/v8-m.main+dp/hard\libg_nano.a(libc_a-stdio.o)
                              C:/Program Files (x86)/Arm GNU Toolchain arm-none-eabi/13.2 Rel1/bin/../lib/gcc/arm-none-eabi/13.2.1/thumb/v8-m.main+dp/hard\libg_nano.a(libc_a-findfp.o) (__sread)
C:/Program Files (x86)/Arm GNU Toolchain arm-none-eabi/13.2 Rel1/bin/../lib/gcc/arm-none-eabi/13.2.1/thumb/v8-m.main+dp/hard\libg_nano.a(libc_a-memset.o)
                              C:/Program Files (x86)/Arm GNU Toolchain arm-none-eabi/13.2 Rel1/bin/../lib/gcc/arm-none-eabi/13.2.1/thumb/v8-m.main+dp/hard/rdimon-crt0.o (memset)
C:/Program Files (x86)/Arm GNU Toolchain arm-none-eabi/13.2 Rel1/bin/../lib/gcc/arm-none-eabi/13.2.1/thumb/v8-m.main+dp/hard\libg_nano.a(libc_a-closer.o)
                              C:/Program Files (x86)/Arm GNU Toolchain arm-none-eabi/13.2 Rel1/bin/../lib/gcc/arm-none-eabi/13.2.1/thumb/v8-m.main+dp/hard\libg_nano.a(libc_a-stdio.o) (_close_r)
C:/Program Files (x86)/Arm GNU Toolchain arm-none-eabi/13.2 Rel1/bin/../lib/gcc/arm-none-eabi/13.2.1/thumb/v8-m.main+dp/hard\libg_nano.a(libc_a-reent.o)
                              C:/Program Files (x86)/Arm GNU Toolchain arm-none-eabi/13.2 Rel1/bin/../lib/gcc/arm-none-eabi/13.2.1/thumb/v8-m.main+dp/hard\libg_nano.a(libc_a-closer.o) (errno)
C:/Program Files (x86)/Arm GNU Toolchain arm-none-eabi/13.2 Rel1/bin/../lib/gcc/arm-none-eabi/13.2.1/thumb/v8-m.main+dp/hard\libg_nano.a(libc_a-impure.o)
                              C:/Program Files (x86)/Arm GNU Toolchain arm-none-eabi/13.2 Rel1/bin/../lib/gcc/arm-none-eabi/13.2.1/thumb/v8-m.main+dp/hard\libg_nano.a(libc_a-reent.o) (_impure_ptr)
C:/Program Files (x86)/Arm GNU Toolchain arm-none-eabi/13.2 Rel1/bin/../lib/gcc/arm-none-eabi/13.2.1/thumb/v8-m.main+dp/hard\libg_nano.a(libc_a-lseekr.o)
                              C:/Program Files (x86)/Arm GNU Toolchain arm-none-eabi/13.2 Rel1/bin/../lib/gcc/arm-none-eabi/13.2.1/thumb/v8-m.main+dp/hard\libg_nano.a(libc_a-stdio.o) (_lseek_r)
C:/Program Files (x86)/Arm GNU Toolchain arm-none-eabi/13.2 Rel1/bin/../lib/gcc/arm-none-eabi/13.2.1/thumb/v8-m.main+dp/hard\libg_nano.a(libc_a-readr.o)
                              C:/Program Files (x86)/Arm GNU Toolchain arm-none-eabi/13.2 Rel1/bin/../lib/gcc/arm-none-eabi/13.2.1/thumb/v8-m.main+dp/hard\libg_nano.a(libc_a-stdio.o) (_read_r)
C:/Program Files (x86)/Arm GNU Toolchain arm-none-eabi/13.2 Rel1/bin/../lib/gcc/arm-none-eabi/13.2.1/thumb/v8-m.main+dp/hard\libg_nano.a(libc_a-writer.o)
                              C:/Program Files (x86)/Arm GNU Toolchain arm-none-eabi/13.2 Rel1/bin/../lib/gcc/arm-none-eabi/13.2.1/thumb/v8-m.main+dp/hard\libg_nano.a(libc_a-stdio.o) (_write_r)
C:/Program Files (x86)/Arm GNU Toolchain arm-none-eabi/13.2 Rel1/bin/../lib/gcc/arm-none-eabi/13.2.1/thumb/v8-m.main+dp/hard\libg_nano.a(libc_a-errno.o)
[...]
Memory Configuration

Name             Origin             Length             Attributes
ITCM             0x00000000         0x00010000         xr
DTCM             0x20000000         0x00010000         xrw
FLASH            0x02000000         0x001f8000         xr
RAM              0x22000000         0x000e0000         xrw
DATA_FLASH       0x27000000         0x00003000         xr
QSPI_FLASH       0x60000000         0x00000000         xr
OSPI_DEVICE_0    0x80000000         0x10000000         xr
OSPI_DEVICE_1    0x90000000         0x10000000         xr
OSPI_DEVICE_0_RAM 0x80000000         0x10000000         xrw
OSPI_DEVICE_1_RAM 0x90000000         0x10000000         xrw
SDRAM            0x68000000         0x08000000         xrw
OPTION_SETTING   0x0300a100         0x00000100         r
OPTION_SETTING_OFS 0x0300a100         0x00000018         r
OPTION_SETTING_SAS 0x0300a134         0x000000cc         r
OPTION_SETTING_S 0x0300a200         0x00000100         r
OPTION_SETTING_DATA_FLASH_S 0x27030080         0x00000800         r
ID_CODE          0x00000000         0x00000000         xr
*default*        0x00000000         0xffffffff

Linker script and memory map

LOAD C:/Program Files (x86)/Arm GNU Toolchain arm-none-eabi/13.2 Rel1/bin/../lib/gcc/arm-none-eabi/13.2.1/thumb/v8-m.main+dp/hard/crti.o
LOAD C:/Program Files (x86)/Arm GNU Toolchain arm-none-eabi/13.2 Rel1/bin/../lib/gcc/arm-none-eabi/13.2.1/thumb/v8-m.main+dp/hard/crtbegin.o
LOAD C:/Program Files (x86)/Arm GNU Toolchain arm-none-eabi/13.2 Rel1/bin/../lib/gcc/arm-none-eabi/13.2.1/thumb/v8-m.main+dp/hard/rdimon-crt0.o
START GROUP
LOAD ./src/SEGGER_RTT/SEGGER_RTT.o
LOAD ./src/SEGGER_RTT/SEGGER_RTT_printf.o
LOAD ./src/hal_entry.o
LOAD ./src/timer_pwm.o
LOAD ./src/uart_ep.o
LOAD ./src/uart_pc.o
LOAD ./ra_gen/common_data.o
LOAD ./ra_gen/hal_data.o
LOAD ./ra_gen/main.o
LOAD ./ra_gen/pin_data.o
LOAD ./ra_gen/vector_data.o
LOAD ./ra/fsp/src/r_sci_b_uart/r_sci_b_uart.o
LOAD ./ra/fsp/src/r_ioport/r_ioport.o
LOAD ./ra/fsp/src/r_gpt/r_gpt.o
LOAD ./ra/fsp/src/bsp/mcu/all/bsp_clocks.o
LOAD ./ra/fsp/src/bsp/mcu/all/bsp_common.o
LOAD ./ra/fsp/src/bsp/mcu/all/bsp_delay.o
LOAD ./ra/fsp/src/bsp/mcu/all/bsp_group_irq.o
LOAD ./ra/fsp/src/bsp/mcu/all/bsp_guard.o
LOAD ./ra/fsp/src/bsp/mcu/all/bsp_io.o
LOAD ./ra/fsp/src/bsp/mcu/all/bsp_irq.o
LOAD ./ra/fsp/src/bsp/mcu/all/bsp_macl.o
LOAD ./ra/fsp/src/bsp/mcu/all/bsp_register_protection.o
LOAD ./ra/fsp/src/bsp/mcu/all/bsp_rom_registers.o
LOAD ./ra/fsp/src/bsp/mcu/all/bsp_sbrk.o
LOAD ./ra/fsp/src/bsp/mcu/all/bsp_sdram.o
LOAD ./ra/fsp/src/bsp/mcu/all/bsp_security.o
LOAD ./ra/fsp/src/bsp/cmsis/Device/RENESAS/Source/startup.o
LOAD ./ra/fsp/src/bsp/cmsis/Device/RENESAS/Source/system.o
LOAD ./ra/board/ra8m1_ek/board_init.o
LOAD ./ra/board/ra8m1_ek/board_leds.o
END GROUP
START GROUP
LOAD C:/Program Files (x86)/Arm GNU Toolchain arm-none-eabi/13.2 Rel1/bin/../lib/gcc/arm-none-eabi/13.2.1/thumb/v8-m.main+dp/hard\libgcc.a
LOAD C:/Program Files (x86)/Arm GNU Toolchain arm-none-eabi/13.2 Rel1/bin/../lib/gcc/arm-none-eabi/13.2.1/thumb/v8-m.main+dp/hard\libg_nano.a
LOAD C:/Program Files (x86)/Arm GNU Toolchain arm-none-eabi/13.2 Rel1/bin/../lib/gcc/arm-none-eabi/13.2.1/thumb/v8-m.main+dp/hard\libc_nano.a
END GROUP
START GROUP
LOAD C:/Program Files (x86)/Arm GNU Toolchain arm-none-eabi/13.2 Rel1/bin/../lib/gcc/arm-none-eabi/13.2.1/thumb/v8-m.main+dp/hard\libgcc.a
LOAD C:/Program Files (x86)/Arm GNU Toolchain arm-none-eabi/13.2 Rel1/bin/../lib/gcc/arm-none-eabi/13.2.1/thumb/v8-m.main+dp/hard\libc_nano.a
LOAD C:/Program Files (x86)/Arm GNU Toolchain arm-none-eabi/13.2 Rel1/bin/../lib/gcc/arm-none-eabi/13.2.1/thumb/v8-m.main+dp/hard\librdimon_nano.a
END GROUP
START GROUP
LOAD C:/Program Files (x86)/Arm GNU Toolchain arm-none-eabi/13.2 Rel1/bin/../lib/gcc/arm-none-eabi/13.2.1/thumb/v8-m.main+dp/hard\libgcc.a
LOAD C:/Program Files (x86)/Arm GNU Toolchain arm-none-eabi/13.2 Rel1/bin/../lib/gcc/arm-none-eabi/13.2.1/thumb/v8-m.main+dp/hard\libc_nano.a
LOAD C:/Program Files (x86)/Arm GNU Toolchain arm-none-eabi/13.2 Rel1/bin/../lib/gcc/arm-none-eabi/13.2.1/thumb/v8-m.main+dp/hard\librdimon_nano.a
END GROUP
LOAD C:/Program Files (x86)/Arm GNU Toolchain arm-none-eabi/13.2 Rel1/bin/../lib/gcc/arm-none-eabi/13.2.1/thumb/v8-m.main+dp/hard/crtend.o
LOAD C:/Program Files (x86)/Arm GNU Toolchain arm-none-eabi/13.2 Rel1/bin/../lib/gcc/arm-none-eabi/13.2.1/thumb/v8-m.main+dp/hard/crtn.o
                0x22000000                        RAM_START = 0x22000000
                0x000e0000                        RAM_LENGTH = 0xe0000
                0x02000000                        FLASH_START = 0x2000000
                0x001f8000                        FLASH_LENGTH = 0x1f8000
                0x27000000                        DATA_FLASH_START = 0x27000000
                0x00003000                        DATA_FLASH_LENGTH = 0x3000
                0x0300a100                        OPTION_SETTING_START = 0x300a100
                0x00000100                        OPTION_SETTING_LENGTH = 0x100
                0x0300a200                        OPTION_SETTING_S_START = 0x300a200
                0x00000100                        OPTION_SETTING_S_LENGTH = 0x100
                0x27030080                        OPTION_SETTING_DATA_FLASH_S_START = 0x27030080
                0x00000800                        OPTION_SETTING_DATA_FLASH_S_LENGTH = 0x800
                0x00000000                        ID_CODE_START = 0x0
                0x00000000                        ID_CODE_LENGTH = 0x0
                0x68000000                        SDRAM_START = 0x68000000
                0x08000000                        SDRAM_LENGTH = 0x8000000
                0x60000000                        QSPI_FLASH_START = 0x60000000
                0x00000000                        QSPI_FLASH_LENGTH = 0x0
                0x80000000                        OSPI_DEVICE_0_START = 0x80000000
                0x10000000                        OSPI_DEVICE_0_LENGTH = 0x10000000
                0x90000000                        OSPI_DEVICE_1_START = 0x90000000
                0x10000000                        OSPI_DEVICE_1_LENGTH = 0x10000000
                0x00000000                        ITCM_START = 0x0
                0x00010000                        ITCM_LENGTH = 0x10000
                0x20000000                        DTCM_START = 0x20000000
                0x00010000                        DTCM_LENGTH = 0x10000
                0x10000000                        NS_OFFSET_START = 0x10000000
                0x00000000                        NS_OFFSET_LENGTH = 0x0
                0x00000000                        QSPI_FLASH_PRV_LENGTH = DEFINED (QSPI_FLASH_SIZE)?ABSOLUTE (QSPI_FLASH_SIZE):ABSOLUTE (QSPI_FLASH_LENGTH)
                0x10000000                        OSPI_DEVICE_0_PRV_LENGTH = DEFINED (OSPI_DEVICE_0_SIZE)?ABSOLUTE (OSPI_DEVICE_0_SIZE):ABSOLUTE (OSPI_DEVICE_0_LENGTH)
                0x10000000                        OSPI_DEVICE_1_PRV_LENGTH = DEFINED (OSPI_DEVICE_1_SIZE)?ABSOLUTE (OSPI_DEVICE_1_SIZE):ABSOLUTE (OSPI_DEVICE_1_LENGTH)
                0x00000000                        __RESERVE_NS_RAM = ((! (DEFINED (PROJECT_NONSECURE)) && DEFINED (RAM_NS_BUFFER_LENGTH)) && (OPTION_SETTING_S_LENGTH != 0x0))
                0x00000000                        ITCM_START = DEFINED (ITCM_START)?ITCM_START:0x0
                0x00010000                        ITCM_LENGTH = DEFINED (ITCM_LENGTH)?ITCM_LENGTH:0x0
                0x20000000                        DTCM_START = DEFINED (DTCM_START)?DTCM_START:0x0
                0x00010000                        DTCM_LENGTH = DEFINED (DTCM_LENGTH)?DTCM_LENGTH:0x0
                0x00000000                        RAM_NS_BUFFER_BLOCK_LENGTH = DEFINED (RAM_NS_BUFFER_LENGTH)?ALIGN (RAM_NS_BUFFER_LENGTH, 0x2000):0x0
                0x00000000                        RAM_NS_BUFFER_LENGTH = DEFINED (RAM_NS_BUFFER_LENGTH)?RAM_NS_BUFFER_LENGTH:0x0
                0x220e0000                        RAM_NS_BUFFER_START = ((RAM_START + RAM_LENGTH) - RAM_NS_BUFFER_LENGTH)
                0x220e0000                        RAM_NS_BUFFER_BLOCK_START = ((RAM_START + RAM_LENGTH) - RAM_NS_BUFFER_BLOCK_LENGTH)
                0x0300a180                        OPTION_SETTING_START_NS = DEFINED (PROJECT_NONSECURE)?OPTION_SETTING_START:(OPTION_SETTING_START + 0x80)
                0x27030080                        OPTION_SETTING_DATA_FLASH_S_START = DEFINED (OPTION_SETTING_DATA_FLASH_S_START)?OPTION_SETTING_DATA_FLASH_S_START:0x0
                0x00000800                        OPTION_SETTING_DATA_FLASH_S_LENGTH = DEFINED (OPTION_SETTING_DATA_FLASH_S_LENGTH)?OPTION_SETTING_DATA_FLASH_S_LENGTH:0x0
                0x00000001                        __bl_FSP_BOOTABLE_IMAGE = 0x1
                0x00000001                        __bln_FSP_BOOTABLE_IMAGE = 0x1
                0x00000001                        PROJECT_SECURE_OR_FLAT = (((! (DEFINED (PROJECT_NONSECURE)) || DEFINED (PROJECT_SECURE)) && OPTION_SETTING_LENGTH) && ! (DEFINED (FSP_BOOTABLE_IMAGE)))
                0x00000000                        USE_OPTION_SETTING_NS = (DEFINED (PROJECT_NONSECURE) && ! (DEFINED (FSP_BOOTABLE_IMAGE)))
                0x00000001                        USE_OPTION_SETTING_DATA_FLASH = (PROJECT_SECURE_OR_FLAT && (OPTION_SETTING_DATA_FLASH_S_LENGTH != 0x0))
                0x00000000                        __bl_FLASH_IMAGE_START = ! (DEFINED (FLASH_BOOTLOADER_LENGTH))?0x0:(FLASH_APPLICATION_IMAGE_NUMBER == 0x1)?((FLASH_START + FLASH_BOOTLOADER_LENGTH) + FLASH_BOOTLOADER_HEADER_LENGTH):(DEFINED (BOOTLOADER_SECONDARY_USE_QSPI) || DEFINED (BOOTLOADER_SECONDARY_USE_OSPI_B))?(((FLASH_START + FLASH_BOOTLOADER_LENGTH) + FLASH_BOOTLOADER_SCRATCH_LENGTH) + FLASH_BOOTLOADER_HEADER_LENGTH):((((FLASH_START + FLASH_BOOTLOADER_LENGTH) + FLASH_BOOTLOADER_SCRATCH_LENGTH) + FLASH_APPLICATION_S_LENGTH) + FLASH_BOOTLOADER_HEADER_LENGTH)
                0x00000000                        __bl_FLASH_IMAGE_LENGTH = ! (DEFINED (FLASH_BOOTLOADER_LENGTH))?0x0:(FLASH_APPLICATION_S_LENGTH - FLASH_BOOTLOADER_HEADER_LENGTH)
                0x00000000                        __bl_FLASH_IMAGE_END = (__bl_FLASH_IMAGE_START + __bl_FLASH_IMAGE_LENGTH)
                0x00000000                        __bl_XIP_SECONDARY_FLASH_IMAGE_START = ! (DEFINED (FLASH_BOOTLOADER_LENGTH))?0x0:(((FLASH_START + FLASH_BOOTLOADER_LENGTH) + FLASH_APPLICATION_S_LENGTH) + FLASH_BOOTLOADER_HEADER_LENGTH)
                0x00000000                        __bl_XIP_SECONDARY_FLASH_IMAGE_END = (__bl_XIP_SECONDARY_FLASH_IMAGE_START + __bl_FLASH_IMAGE_LENGTH)
                0x00000000                        __bl_FLASH_NS_START = ! (DEFINED (FLASH_BOOTLOADER_LENGTH))?0x0:(FLASH_APPLICATION_NS_LENGTH == 0x0)?__bl_FLASH_IMAGE_END:((__bl_FLASH_IMAGE_START - FLASH_BOOTLOADER_HEADER_LENGTH) + FLASH_APPLICATION_S_LENGTH)
                0x00000000                        __bl_FLASH_NSC_START = ! (DEFINED (FLASH_BOOTLOADER_LENGTH))?0x0:(FLASH_APPLICATION_NS_LENGTH == 0x0)?__bl_FLASH_IMAGE_END:(__bl_FLASH_IMAGE_END - FLASH_APPLICATION_NSC_LENGTH)
                0x00000000                        __bl_RAM_NS_START = ! (DEFINED (FLASH_BOOTLOADER_LENGTH))?0x0:(FLASH_APPLICATION_NS_LENGTH == 0x0)?(RAM_START + RAM_LENGTH):((RAM_START + RAM_LENGTH) - RAM_APPLICATION_NS_LENGTH)
                0x00000000                        __bl_RAM_NSC_START = ! (DEFINED (FLASH_BOOTLOADER_LENGTH))?0x0:(FLASH_APPLICATION_NS_LENGTH == 0x0)?(RAM_START + RAM_LENGTH):(__bl_RAM_NS_START - RAM_APPLICATION_NSC_LENGTH)
                0x00000000                        __bl_FLASH_NS_IMAGE_START = ! (DEFINED (FLASH_BOOTLOADER_LENGTH))?0x0:(FLASH_APPLICATION_NS_LENGTH == 0x0)?__bl_FLASH_IMAGE_END:(__bl_FLASH_NS_START + FLASH_BOOTLOADER_HEADER_LENGTH_2)
                0x10000000                        __bln_FLASH_IMAGE_START = (__bl_FLASH_NS_IMAGE_START | ! (DEFINED (NS_OFFSET_START))?0x0:NS_OFFSET_START)
                0x00000000                        __bln_FLASH_IMAGE_LENGTH = ! (DEFINED (FLASH_BOOTLOADER_LENGTH))?0x0:(FLASH_APPLICATION_NS_LENGTH == 0x0)?__bl_FLASH_IMAGE_END:(FLASH_APPLICATION_NS_LENGTH - FLASH_BOOTLOADER_HEADER_LENGTH_2)
                0x00000000                        XIP_SECONDARY_SLOT_IMAGE = DEFINED (XIP_SECONDARY_SLOT_IMAGE)?XIP_SECONDARY_SLOT_IMAGE:0x0
                0x02000000                        FLASH_ORIGIN = ! (DEFINED (FLASH_IMAGE_START))?FLASH_START:(XIP_SECONDARY_SLOT_IMAGE == 0x1)?XIP_SECONDARY_FLASH_IMAGE_START:FLASH_IMAGE_START
                0x001f8000                        LIMITED_FLASH_LENGTH = DEFINED (FLASH_IMAGE_LENGTH)?FLASH_IMAGE_LENGTH:DEFINED (FLASH_BOOTLOADER_LENGTH)?FLASH_BOOTLOADER_LENGTH:FLASH_LENGTH
                0x00000034                        OPTION_SETTING_SAS_SIZE = 0x34
                0x000000cc                        OPTION_SETTING_SAS_LENGTH = ! (DEFINED (OPTION_SETTING_LENGTH))?0x0:(OPTION_SETTING_LENGTH == 0x0)?0x0:(OPTION_SETTING_LENGTH - OPTION_SETTING_SAS_SIZE)
START GROUP
LOAD C:/Program Files (x86)/Arm GNU Toolchain arm-none-eabi/13.2 Rel1/bin/../lib/gcc/arm-none-eabi/13.2.1/thumb/v8-m.main+dp/hard\libgcc.a
LOAD C:/Program Files (x86)/Arm GNU Toolchain arm-none-eabi/13.2 Rel1/bin/../lib/gcc/arm-none-eabi/13.2.1/thumb/v8-m.main+dp/hard\libc.a
LOAD C:/Program Files (x86)/Arm GNU Toolchain arm-none-eabi/13.2 Rel1/bin/../lib/gcc/arm-none-eabi/13.2.1/thumb/v8-m.main+dp/hard\libm.a
END GROUP

.text           0x02000000     0x2cb4
                0x02000000                        __tz_FLASH_S = ABSOLUTE (FLASH_START)
                0x02000000                        __ROM_Start = .
 *(.fixed_vectors*)
 .fixed_vectors
                0x02000000       0x40 ./ra/fsp/src/bsp/cmsis/Device/RENESAS/Source/startup.o
                0x02000000                __Vectors
 *(.application_vectors*)
 .application_vectors
                0x02000040      0x180 ./ra_gen/vector_data.o
                0x02000040                g_vector_table
                0x020001c0                        __Vectors_End = .
 *(.flash_gap*)
                0x020001c0                        . = (OPTION_SETTING_LENGTH > 0x0)?.:(__ROM_Start + 0x400)
 *(.rom_registers*)
 *(.mcuboot_sce9_key*)
 *(.text*)
 .text.deregister_tm_clones
                0x020001c0       0x1c C:/Program Files (x86)/Arm GNU Toolchain arm-none-eabi/13.2 Rel1/bin/../lib/gcc/arm-none-eabi/13.2.1/thumb/v8-m.main+dp/hard/crtbegin.o
 .text.register_tm_clones
                0x020001dc       0x28 C:/Program Files (x86)/Arm GNU Toolchain arm-none-eabi/13.2 Rel1/bin/../lib/gcc/arm-none-eabi/13.2.1/thumb/v8-m.main+dp/hard/crtbegin.o
 .text.__do_global_dtors_aux
                0x02000204       0x28 C:/Program Files (x86)/Arm GNU Toolchain arm-none-eabi/13.2 Rel1/bin/../lib/gcc/arm-none-eabi/13.2.1/thumb/v8-m.main+dp/hard/crtbegin.o
 .text.frame_dummy
                0x0200022c       0x24 C:/Program Files (x86)/Arm GNU Toolchain arm-none-eabi/13.2 Rel1/bin/../lib/gcc/arm-none-eabi/13.2.1/thumb/v8-m.main+dp/hard/crtbegin.o
 .text._WriteNoCheck
                0x02000250       0x38 ./src/SEGGER_RTT/SEGGER_RTT.o
 .text._WriteBlocking
                0x02000288       0x60 ./src/SEGGER_RTT/SEGGER_RTT.o
 .text._DoInit  0x020002e8       0x6c ./src/SEGGER_RTT/SEGGER_RTT.o
 .text.SEGGER_RTT_WriteNoLock
                0x02000354       0x7c ./src/SEGGER_RTT/SEGGER_RTT.o
                0x02000354                SEGGER_RTT_WriteNoLock
 .text.SEGGER_RTT_Write
                0x020003d0       0x34 ./src/SEGGER_RTT/SEGGER_RTT.o
                0x020003d0                SEGGER_RTT_Write
 .text._StoreChar
                0x02000404       0x40 ./src/SEGGER_RTT/SEGGER_RTT_printf.o
 .text._PrintUnsigned
                0x02000444       0xf4 ./src/SEGGER_RTT/SEGGER_RTT_printf.o
 .text.SEGGER_RTT_vprintf
                0x02000538      0x39c ./src/SEGGER_RTT/SEGGER_RTT_printf.o
                0x02000538                SEGGER_RTT_vprintf
 .text.SEGGER_RTT_printf
                0x020008d4       0x20 ./src/SEGGER_RTT/SEGGER_RTT_printf.o
                0x020008d4                SEGGER_RTT_printf
 .text.hal_entry
                0x020008f4      0x1b4 ./src/hal_entry.o
                0x020008f4                hal_entry
 .text.R_BSP_WarmStart
                0x02000aa8       0x18 ./src/hal_entry.o
                0x02000aa8                R_BSP_WarmStart
 .text.gpt_initialize
                0x02000ac0       0x38 ./src/timer_pwm.o
                0x02000ac0                gpt_initialize
 .text.gpt_start
                0x02000af8       0x30 ./src/timer_pwm.o
                0x02000af8                gpt_start
 .text.timer_gpt_deinit
                0x02000b28       0x2c ./src/timer_pwm.o
                0x02000b28                timer_gpt_deinit
 .text.uart_initialize
                0x02000b54       0x38 ./src/uart_ep.o
                0x02000b54                uart_initialize
 .text.uart_print_user_msg
                0x02000b8c       0x7c ./src/uart_ep.o
                0x02000b8c                uart_print_user_msg
 .text.deinit_uart
                0x02000c08       0x2c ./src/uart_ep.o
                0x02000c08                deinit_uart
 .text.user_uart_callback
                0x02000c34       0x50 ./src/uart_ep.o
                0x02000c34                user_uart_callback
 .text.uart_pc_init
                0x02000c84       0x38 ./src/uart_pc.o
                0x02000c84                uart_pc_init
 .text.uart_print_pc_msg
                0x02000cbc       0x7c ./src/uart_pc.o
                0x02000cbc                uart_print_pc_msg
 .text.uart_pc_com
                0x02000d38       0xb4 ./src/uart_pc.o
                0x02000d38                uart_pc_com
 .text.deinit_pc_uart
                0x02000dec       0x2c ./src/uart_pc.o
                0x02000dec                deinit_pc_uart
 .text.uart_pc_callback
                0x02000e18       0x50 ./src/uart_pc.o
                0x02000e18                uart_pc_callback
 .text.startup.main
                0x02000e68        0xc ./ra_gen/main.o
                0x02000e68                main
 .text.r_sci_b_irq_cfg
                0x02000e74       0x70 ./ra/fsp/src/r_sci_b_uart/r_sci_b_uart.o
 .text.r_sci_b_uart_call_callback
                0x02000ee4       0x44 ./ra/fsp/src/r_sci_b_uart/r_sci_b_uart.o
 .text.R_SCI_B_UART_Write
                0x02000f28       0x78 ./ra/fsp/src/r_sci_b_uart/r_sci_b_uart.o
                0x02000f28                R_SCI_B_UART_Write
 .text.R_SCI_B_UART_Close
                0x02000fa0       0xf8 ./ra/fsp/src/r_sci_b_uart/r_sci_b_uart.o
                0x02000fa0                R_SCI_B_UART_Close
 .text.R_SCI_B_UART_Open
                0x02001098      0x304 ./ra/fsp/src/r_sci_b_uart/r_sci_b_uart.o
                0x02001098                R_SCI_B_UART_Open
 .text.sci_b_uart_txi_isr
                0x0200139c       0x90 ./ra/fsp/src/r_sci_b_uart/r_sci_b_uart.o
                0x0200139c                sci_b_uart_txi_isr
 .text.sci_b_uart_rxi_isr
                0x0200142c       0x90 ./ra/fsp/src/r_sci_b_uart/r_sci_b_uart.o
                0x0200142c                sci_b_uart_rxi_isr
 .text.sci_b_uart_tei_isr
                0x020014bc       0x4c ./ra/fsp/src/r_sci_b_uart/r_sci_b_uart.o
                0x020014bc                sci_b_uart_tei_isr
 .text.sci_b_uart_eri_isr
                0x02001508       0x84 ./ra/fsp/src/r_sci_b_uart/r_sci_b_uart.o
                0x02001508                sci_b_uart_eri_isr
 .text.bsp_vbatt_init
                0x0200158c       0xec ./ra/fsp/src/r_ioport/r_ioport.o
 .text.r_ioport_pins_config
                0x02001678       0xb4 ./ra/fsp/src/r_ioport/r_ioport.o
 .text.R_IOPORT_Open
                0x0200172c       0x38 ./ra/fsp/src/r_ioport/r_ioport.o
                0x0200172c                R_IOPORT_Open
 .text.R_GPT_Start
                0x02001764       0x20 ./ra/fsp/src/r_gpt/r_gpt.o
                0x02001764                R_GPT_Start
 .text.gpt_calculate_duty_cycle.isra.0
                0x02001784       0x64 ./ra/fsp/src/r_gpt/r_gpt.o
 .text.r_gpt_enable_irq
                0x020017e8       0x60 ./ra/fsp/src/r_gpt/r_gpt.o
 .text.R_GPT_Open
                0x02001848      0x30c ./ra/fsp/src/r_gpt/r_gpt.o
                0x02001848                R_GPT_Open
 .text.R_GPT_Close
                0x02001b54       0xbc ./ra/fsp/src/r_gpt/r_gpt.o
                0x02001b54                R_GPT_Close
 .text.SystemCoreClockUpdate
                0x02001c10       0x8c ./ra/fsp/src/bsp/mcu/all/bsp_clocks.o
                0x02001c10                SystemCoreClockUpdate
 .text.R_BSP_SubClockStabilizeWaitAfterReset
                0x02001c9c        0x4 ./ra/fsp/src/bsp/mcu/all/bsp_clocks.o
                0x02001c9c                R_BSP_SubClockStabilizeWaitAfterReset
 .text.bsp_clock_init
                0x02001ca0      0x190 ./ra/fsp/src/bsp/mcu/all/bsp_clocks.o
                0x02001ca0                bsp_clock_init
 .text.R_BSP_Init_RTC
                0x02001e30       0xb0 ./ra/fsp/src/bsp/mcu/all/bsp_clocks.o
                0x02001e30                R_BSP_Init_RTC
 .text.R_FSP_VersionGet
                0x02001ee0       0x14 ./ra/fsp/src/bsp/mcu/all/bsp_common.o
                0x02001ee0                R_FSP_VersionGet
 *fill*         0x02001ef4        0x4 ff
 .text.bsp_prv_software_delay_loop
                0x02001ef8        0xc ./ra/fsp/src/bsp/mcu/all/bsp_delay.o
                0x02001ef8                bsp_prv_software_delay_loop
 .text.R_BSP_SoftwareDelay
                0x02001f04       0x80 ./ra/fsp/src/bsp/mcu/all/bsp_delay.o
                0x02001f04                R_BSP_SoftwareDelay
 .text.NMI_Handler
                0x02001f84       0x44 ./ra/fsp/src/bsp/mcu/all/bsp_group_irq.o
                0x02001f84                NMI_Handler
 .text.bsp_irq_cfg
                0x02001fc8       0x2c ./ra/fsp/src/bsp/mcu/all/bsp_irq.o
                0x02001fc8                bsp_irq_cfg
 .text.R_BSP_RegisterProtectEnable
                0x02001ff4       0x60 ./ra/fsp/src/bsp/mcu/all/bsp_register_protection.o
                0x02001ff4                R_BSP_RegisterProtectEnable
 .text.R_BSP_RegisterProtectDisable
                0x02002054       0x54 ./ra/fsp/src/bsp/mcu/all/bsp_register_protection.o
                0x02002054                R_BSP_RegisterProtectDisable
 .text.Default_Handler
                0x020020a8        0x4 ./ra/fsp/src/bsp/cmsis/Device/RENESAS/Source/startup.o
                0x020020a8                DebugMon_Handler
                0x020020a8                HardFault_Handler
                0x020020a8                SysTick_Handler
                0x020020a8                PendSV_Handler
                0x020020a8                UsageFault_Handler
                0x020020a8                SecureFault_Handler
                0x020020a8                Default_Handler
                0x020020a8                MemManage_Handler
                0x020020a8                SVC_Handler
                0x020020a8                BusFault_Handler
 .text.Reset_Handler
                0x020020ac        0xc ./ra/fsp/src/bsp/cmsis/Device/RENESAS/Source/startup.o
                0x020020ac                Reset_Handler
 .text.SystemInit
                0x020020b8      0x1ac ./ra/fsp/src/bsp/cmsis/Device/RENESAS/Source/system.o
                0x020020b8                SystemInit
 .text.bsp_init
                0x02002264        0x4 ./ra/board/ra8m1_ek/board_init.o
                0x02002264                bsp_init
 .text.memset   0x02002268       0x10 C:/Program Files (x86)/Arm GNU Toolchain arm-none-eabi/13.2 Rel1/bin/../lib/gcc/arm-none-eabi/13.2.1/thumb/v8-m.main+dp/hard\libg_nano.a(libc_a-memset.o)
                0x02002268                memset
 .text.memcpy   0x02002278       0x1a C:/Program Files (x86)/Arm GNU Toolchain arm-none-eabi/13.2 Rel1/bin/../lib/gcc/arm-none-eabi/13.2.1/thumb/v8-m.main+dp/hard\libg_nano.a(libc_a-memcpy-stub.o)
                0x02002278                memcpy
 .text          0x02002292       0x10 C:/Program Files (x86)/Arm GNU Toolchain arm-none-eabi/13.2 Rel1/bin/../lib/gcc/arm-none-eabi/13.2.1/thumb/v8-m.main+dp/hard\libg_nano.a(libc_a-strlen.o)
                0x02002292                strlen
 *(.version)
 *fill*         0x020022a2        0x2 ff
 .version       0x020022a4       0x50 ./ra/fsp/src/bsp/mcu/all/bsp_common.o
 *(.init)
 .init          0x020022f4        0x4 C:/Program Files (x86)/Arm GNU Toolchain arm-none-eabi/13.2 Rel1/bin/../lib/gcc/arm-none-eabi/13.2.1/thumb/v8-m.main+dp/hard/crti.o
                0x020022f4                _init
 .init          0x020022f8        0x8 C:/Program Files (x86)/Arm GNU Toolchain arm-none-eabi/13.2 Rel1/bin/../lib/gcc/arm-none-eabi/13.2.1/thumb/v8-m.main+dp/hard/crtn.o
 *(.fini)
 .fini          0x02002300        0x4 C:/Program Files (x86)/Arm GNU Toolchain arm-none-eabi/13.2 Rel1/bin/../lib/gcc/arm-none-eabi/13.2.1/thumb/v8-m.main+dp/hard/crti.o
                0x02002300                _fini
 .fini          0x02002304        0x8 C:/Program Files (x86)/Arm GNU Toolchain arm-none-eabi/13.2 Rel1/bin/../lib/gcc/arm-none-eabi/13.2.1/thumb/v8-m.main+dp/hard/crtn.o
 *crtbegin.o(.ctors)
 *crtbegin?.o(.ctors)
 *(EXCLUDE_FILE(*crtend.o *crtend?.o) .ctors)
 *(SORT_BY_NAME(.ctors.*))
 *(.ctors)
 *crtbegin.o(.dtors)
 *crtbegin?.o(.dtors)
 *(EXCLUDE_FILE(*crtend.o *crtend?.o) .dtors)
 *(SORT_BY_NAME(.dtors.*))
 *(.dtors)
 *(.rodata*)
 .rodata._DoInit.str1.4
                0x0200230c      0x4fd ./src/SEGGER_RTT/SEGGER_RTT.o
                                  0x9 (size before relaxing)
 *fill*         0x02002809        0x7 ff
 .rodata._aInitStr.0
                0x02002810       0x11 ./src/SEGGER_RTT/SEGGER_RTT.o
 .rodata.SEGGER_RTT_vprintf.str1.4
                0x02002821        0x7 ./src/SEGGER_RTT/SEGGER_RTT_printf.o
 *fill*         0x02002821        0x7 ff
 .rodata._aV2C.0
                0x02002828       0x10 ./src/SEGGER_RTT/SEGGER_RTT_printf.o
 .rodata.hal_entry.str1.4
                0x02002838      0x364 ./src/hal_entry.o
 .rodata.gpt_initialize.str1.4
                0x02002838       0x44 ./src/timer_pwm.o
 .rodata.gpt_start.str1.4
                0x02002838       0x22 ./src/timer_pwm.o
 .rodata.timer_gpt_deinit.str1.4
                0x02002838       0x22 ./src/timer_pwm.o
 .rodata.__FUNCTION__.0
                0x02002838       0x11 ./src/timer_pwm.o
 *fill*         0x02002849        0x3 ff
 .rodata.__FUNCTION__.2
                0x0200284c        0xa ./src/timer_pwm.o
 *fill*         0x02002856        0x2 ff
 .rodata.__FUNCTION__.3
                0x02002858        0xf ./src/timer_pwm.o
 .rodata.uart_initialize.str1.4
                0x02002867       0x44 ./src/uart_ep.o
 .rodata.uart_print_user_msg.str1.4
                0x02002867       0x4e ./src/uart_ep.o
 .rodata.deinit_uart.str1.4
                0x02002867       0x29 ./src/uart_ep.o
 *fill*         0x02002867        0x1 ff
 .rodata.__FUNCTION__.0
                0x02002868        0xc ./src/uart_ep.o
 .rodata.__FUNCTION__.1
                0x02002874       0x14 ./src/uart_ep.o
 .rodata.__FUNCTION__.2
                0x02002888       0x10 ./src/uart_ep.o
 .rodata.uart_pc_init.str1.4
                0x02002898       0x44 ./src/uart_pc.o
 .rodata.uart_print_pc_msg.str1.4
                0x02002898       0x4e ./src/uart_pc.o
 .rodata.uart_pc_com.str1.4
                0x02002898       0x7c ./src/uart_pc.o
 .rodata.__FUNCTION__.1
                0x02002898        0xf ./src/uart_pc.o
 *fill*         0x020028a7        0x1 ff
 .rodata.__FUNCTION__.2
                0x020028a8       0x12 ./src/uart_pc.o
 *fill*         0x020028ba        0x2 ff
 .rodata.__FUNCTION__.3
                0x020028bc        0xd ./src/uart_pc.o
 *fill*         0x020028c9        0x3 ff
 .rodata.g_timer_cfg
                0x020028cc       0x20 ./ra_gen/hal_data.o
                0x020028cc                g_timer_cfg
 .rodata.g_timer_extend
                0x020028ec       0x3c ./ra_gen/hal_data.o
                0x020028ec                g_timer_extend
 .rodata.g_uart0_cfg
                0x02002928       0x20 ./ra_gen/hal_data.o
                0x02002928                g_uart0_cfg
 .rodata.g_uart0_cfg_extend
                0x02002948       0x14 ./ra_gen/hal_data.o
                0x02002948                g_uart0_cfg_extend
 .rodata.g_uart2_cfg
                0x0200295c       0x20 ./ra_gen/hal_data.o
                0x0200295c                g_uart2_cfg
 .rodata.g_uart2_cfg_extend
                0x0200297c       0x14 ./ra_gen/hal_data.o
                0x0200297c                g_uart2_cfg_extend
 .rodata.g_bsp_pin_cfg
                0x02002990        0xc ./ra_gen/pin_data.o
                0x02002990                g_bsp_pin_cfg
 .rodata.g_bsp_pin_cfg_data
                0x0200299c      0x218 ./ra_gen/pin_data.o
                0x0200299c                g_bsp_pin_cfg_data
 *fill*         0x02002bb4        0x4 ff
 .rodata.g_interrupt_event_link_select
                0x02002bb8       0xc0 ./ra_gen/vector_data.o
                0x02002bb8                g_interrupt_event_link_select
 .rodata.g_vbatt_pins_input
                0x02002c78        0x6 ./ra/fsp/src/r_ioport/r_ioport.o
 *fill*         0x02002c7e        0x2 ff
 .rodata.g_prcr_masks
                0x02002c80        0x8 ./ra/fsp/src/bsp/mcu/all/bsp_register_protection.o
                0x02002c88                        __usb_dev_descriptor_start_fs = .
 *(.usb_device_desc_fs*)
                0x02002c88                        __usb_cfg_descriptor_start_fs = .
 *(.usb_config_desc_fs*)
                0x02002c88                        __usb_interface_descriptor_start_fs = .
 *(.usb_interface_desc_fs*)
                0x02002c88                        __usb_descriptor_end_fs = .
                0x02002c88                        __usb_dev_descriptor_start_hs = .
 *(.usb_device_desc_hs*)
                0x02002c88                        __usb_cfg_descriptor_start_hs = .
 *(.usb_config_desc_hs*)
                0x02002c88                        __usb_interface_descriptor_start_hs = .
 *(.usb_interface_desc_hs*)
                0x02002c88                        __usb_descriptor_end_hs = .
 *(.eh_frame*)
 .eh_frame      0x02002c88        0x0 C:/Program Files (x86)/Arm GNU Toolchain arm-none-eabi/13.2 Rel1/bin/../lib/gcc/arm-none-eabi/13.2.1/thumb/v8-m.main+dp/hard/crtbegin.o
 .eh_frame      0x02002c88       0x28 C:/Program Files (x86)/Arm GNU Toolchain arm-none-eabi/13.2 Rel1/bin/../lib/gcc/arm-none-eabi/13.2.1/thumb/v8-m.main+dp/hard\libg_nano.a(libc_a-strlen.o)
 .eh_frame      0x02002cb0        0x4 C:/Program Files (x86)/Arm GNU Toolchain arm-none-eabi/13.2 Rel1/bin/../lib/gcc/arm-none-eabi/13.2.1/thumb/v8-m.main+dp/hard/crtend.o
                0x02002cb4                        __ROM_End = .
                0x000001c0                        __Vectors_Size = (__Vectors_End - __Vectors)

.glue_7         0x02002cb4        0x0
 .glue_7        0x02002cb4        0x0 linker stubs

.glue_7t        0x02002cb4        0x0
 .glue_7t       0x02002cb4        0x0 linker stubs

.vfp11_veneer   0x02002cb4        0x0
 .vfp11_veneer  0x02002cb4        0x0 linker stubs

.v4_bx          0x02002cb4        0x0
 .v4_bx         0x02002cb4        0x0 linker stubs

.iplt           0x02002cb4        0x0
 .iplt          0x02002cb4        0x0 C:/Program Files (x86)/Arm GNU Toolchain arm-none-eabi/13.2 Rel1/bin/../lib/gcc/arm-none-eabi/13.2.1/thumb/v8-m.main+dp/hard/crtbegin.o
                0x02002cb4                        . = .
                0x02002cb4                        __itcm_data_pre_location = .

.itcm_data      0x00000000        0x0 load address 0x02002cc0
                0x00000000                        __tz_ITCM_S = ABSOLUTE (ITCM_START)
                0x00000000                        __itcm_data_start = .
 *(.itcm_data*)
                0x00000000                        . = ALIGN (0x8)
                0x00000000                        __itcm_data_end = .
                0x00000000                        __tz_ITCM_N = DEFINED (ITCM_NS_START)?ABSOLUTE (ITCM_NS_START):ALIGN (__itcm_data_end, 0x2000)
                0x02002cc0                        __itcm_data_init_start = LOADADDR (.itcm_data)
                0x02002cc0                        __itcm_data_init_end = (LOADADDR (.itcm_data) + SIZEOF (.itcm_data))
                0x00000001                        ASSERT (((ORIGIN (ITCM) % 0x8) == 0x0), ITCM memory region origin must be aligned to 8 bytes.)
                0x00000001                        ASSERT (((LENGTH (ITCM) % 0x8) == 0x0), ITCM memory region length must be a multiple of 8 bytes.)
                0x00000001                        ASSERT (((LOADADDR (.itcm_data) % 0x10) == 0x0), .itcm_data section must be aligned to 16 bytes.)
                0x00000001                        ASSERT (((SIZEOF (.itcm_data) % 0x8) == 0x0), .itcm_data section size must be a multiple of 8 bytes.)
                0x02002cb4                        . = (SIZEOF (.itcm_data) > 0x0)?__itcm_data_init_end:__itcm_data_pre_location
                0x02002cb4                        __exidx_start = .

/DISCARD/
 *(.ARM.extab* .gnu.linkonce.armextab.*)
 *(.ARM.exidx* .gnu.linkonce.armexidx.*)
                0x02002cb4                        __exidx_end = .
                0x02002cb4                        __etext = .
                0x22000000                        __tz_RAM_S = ORIGIN (RAM)

.fsp_dtc_vector_table
                0x22000000        0x0
                0x22000000                        . = ORIGIN (RAM)
 *(.fsp_dtc_vector_table)

.data           0x22000000      0x110 load address 0x02002cb4
                0x22000000                        __data_start__ = .
                0x22000000                        . = ALIGN (0x4)
                0x22000000                        __Code_In_RAM_Start = .
 *(.code_in_ram*)
                0x22000000                        __Code_In_RAM_End = .
 *(vtable)
 *(.data.*)
 .data.g_pc_reply_buffer
                0x22000000       0xff ./src/uart_pc.o
 *fill*         0x220000ff        0x1 
 .data.g_uart0_baud_setting
                0x22000100        0x4 ./ra_gen/hal_data.o
                0x22000100                g_uart0_baud_setting
 .data.g_uart2_baud_setting
                0x22000104        0x4 ./ra_gen/hal_data.o
                0x22000104                g_uart2_baud_setting
 *(.data)
                0x22000108                        . = ALIGN (0x4)
                0x22000108                        PROVIDE (__preinit_array_start = .)
 *(.preinit_array)
                0x22000108                        PROVIDE (__preinit_array_end = .)
                0x22000108                        . = ALIGN (0x4)
                0x22000108                        PROVIDE (__init_array_start = .)
 *(SORT_BY_NAME(.init_array.*))
 *(.init_array)
 .init_array    0x22000108        0x4 C:/Program Files (x86)/Arm GNU Toolchain arm-none-eabi/13.2 Rel1/bin/../lib/gcc/arm-none-eabi/13.2.1/thumb/v8-m.main+dp/hard/crtbegin.o
                0x2200010c                        PROVIDE (__init_array_end = .)
                0x2200010c                        . = ALIGN (0x4)
                [!provide]                        PROVIDE (__fini_array_start = .)
 *(SORT_BY_NAME(.fini_array.*))
 *(.fini_array)
 .fini_array    0x2200010c        0x4 C:/Program Files (x86)/Arm GNU Toolchain arm-none-eabi/13.2 Rel1/bin/../lib/gcc/arm-none-eabi/13.2.1/thumb/v8-m.main+dp/hard/crtbegin.o
                [!provide]                        PROVIDE (__fini_array_end = .)
 *(.jcr*)
                0x22000110                        . = ALIGN (0x4)
                0x22000110                        __data_end__ = .

.tm_clone_table
                0x22000110        0x0 load address 0x02002dc4
 .tm_clone_table
                0x22000110        0x0 C:/Program Files (x86)/Arm GNU Toolchain arm-none-eabi/13.2 Rel1/bin/../lib/gcc/arm-none-eabi/13.2.1/thumb/v8-m.main+dp/hard/crtbegin.o
 .tm_clone_table
                0x22000110        0x0 C:/Program Files (x86)/Arm GNU Toolchain arm-none-eabi/13.2 Rel1/bin/../lib/gcc/arm-none-eabi/13.2.1/thumb/v8-m.main+dp/hard/crtend.o

.igot.plt       0x22000110        0x0 load address 0x02002dc4
 .igot.plt      0x22000110        0x0 C:/Program Files (x86)/Arm GNU Toolchain arm-none-eabi/13.2 Rel1/bin/../lib/gcc/arm-none-eabi/13.2.1/thumb/v8-m.main+dp/hard/crtbegin.o
                0x22000110                        . = .
                0x02002dc4                        __dtcm_data_pre_location = (LOADADDR (.data) + SIZEOF (.data))

.dtcm_data      0x20000000        0x0 load address 0x02002dd0
                0x20000000                        __tz_DTCM_S = ABSOLUTE (DTCM_START)
                0x20000000                        __dtcm_data_start = .
 *(.dtcm_data*)
                0x20000000                        . = ALIGN (0x8)
                0x20000000                        __dtcm_data_end = .
                0x20000000                        . = __dtcm_data_end

.dtcm_bss       0x20000000        0x0
                0x20000000                        __dtcm_bss_start = .
 *(.dtcm_bss*)
                0x20000000                        . = ALIGN (0x8)
                0x20000000                        __dtcm_bss_end = .
                0x20000000                        __tz_DTCM_N = DEFINED (DTCM_NS_START)?ABSOLUTE (DTCM_NS_START):ALIGN (__dtcm_bss_end, 0x2000)
                0x02002dd0                        __dtcm_data_init_start = LOADADDR (.dtcm_data)
                0x02002dd0                        __dtcm_data_init_end = (LOADADDR (.dtcm_data) + SIZEOF (.dtcm_data))
                0x00000001                        ASSERT (((ORIGIN (DTCM) % 0x8) == 0x0), DTCM memory region origin must be aligned to 8 bytes.)
                0x00000001                        ASSERT (((LENGTH (DTCM) % 0x8) == 0x0), DTCM memory region length must be a multiple of 8 bytes.)
                0x00000001                        ASSERT ((LOADADDR (.dtcm_bss) == ADDR (.dtcm_bss)), .dtcm_bss has (VMA != LMA) but should be NOLOAD (VMA == LMA).)
                0x00000001                        ASSERT (((LOADADDR (.dtcm_data) % 0x10) == 0x0), .dtcm_data section must be aligned to 16 bytes.)
                0x00000001                        ASSERT (((SIZEOF (.dtcm_data) % 0x8) == 0x0), .dtcm_data section size must be a multiple of 8 bytes.)
                0x00000001                        ASSERT (((LOADADDR (.dtcm_bss) % 0x8) == 0x0), .dtcm_bss section must be aligned to 8 bytes.)
                0x00000001                        ASSERT (((SIZEOF (.dtcm_bss) % 0x8) == 0x0), .dtcm_bss section size must be a multiple of 8 bytes.)
                0x00000001                        ASSERT ((__dtcm_bss_start == __dtcm_data_end), .dtcm_bss section is not adjacent to .dtcm_data section.)
                0x02002dc4                        . = (SIZEOF (.dtcm_data) > 0x0)?__dtcm_data_init_end:__dtcm_data_pre_location
                0x02002dc4                        sgstubs_pre_location = .
                0x02003000                        SGSTUBS_LOC = (DEFINED (PROJECT_SECURE) && DEFINED (FLASH_NSC_START))?ABSOLUTE (FLASH_NSC_START):ALIGN (0x400)

.gnu.sgstubs    0x02003000        0x0
                0x02003000                        __FLASH_NSC_START = DEFINED (FLASH_NSC_START)?ABSOLUTE (FLASH_NSC_START):__RESERVE_NS_RAM?ABSOLUTE ((FLASH_START + FLASH_LENGTH)):ALIGN (0x400)
                0x02003000                        _start_sg = .
 *(.gnu.sgstubs*)
                0x02003000                        . = ALIGN (0x20)
                0x02003000                        _end_sg = .
                0x02008000                        __tz_FLASH_N = DEFINED (FLASH_NS_START)?ABSOLUTE (FLASH_NS_START):__RESERVE_NS_RAM?ABSOLUTE ((FLASH_START + FLASH_LENGTH)):(FLASH_LENGTH < 0x8000)?FLASH_LENGTH:ALIGN (0x8000)
                0x02008000                        FLASH_NS_IMAGE_START = DEFINED (FLASH_NS_IMAGE_START)?FLASH_NS_IMAGE_START:__tz_FLASH_N
                0x60000000                        __tz_QSPI_FLASH_S = ORIGIN (QSPI_FLASH)

.qspi_flash     0x60000000        0x0
                0x60000000                        __qspi_flash_start__ = .
 *(.qspi_flash*)
 *(.code_in_qspi*)
                0x60000000                        __qspi_flash_end__ = .
                0x00000000                        __qspi_flash_code_size__ = (__qspi_flash_end__ - __qspi_flash_start__)
                0x02002dc4                        __qspi_flash_code_addr__ = sgstubs_pre_location

.qspi_non_retentive
                0x60000000        0x0 load address 0x02002dc4
                0x60000000                        __qspi_non_retentive_start__ = .
 *(.qspi_non_retentive*)
                0x60000000                        __qspi_non_retentive_end__ = .
                0x00000000                        __qspi_non_retentive_size__ = (__qspi_non_retentive_end__ - __qspi_non_retentive_start__)
                0x04000000                        __qspi_region_max_size__ = 0x4000000
                0x60000000                        __qspi_region_start_address__ = __qspi_flash_start__
                0x64000000                        __qspi_region_end_address__ = (__qspi_flash_start__ + __qspi_region_max_size__)
                0x60000000                        __tz_QSPI_FLASH_N = __qspi_non_retentive_end__

.OSPI_DEVICE_0_NO_LOAD
                0x80000000        0x0
                0x80000000                        . = ALIGN (0x4)
                0x80000000                        __ospi_device_0_start__ = .
 *(.ospi_device_0_no_load*)
                0x80000000                        . = ALIGN (0x4)
                0x80000000                        __ospi_device_0_end__ = .

.OSPI_DEVICE_1_NO_LOAD
                0x90000000        0x0
                0x90000000                        . = ALIGN (0x4)
                0x90000000                        __ospi_device_1_start__ = .
 *(.ospi_device_1_no_load*)
                0x90000000                        . = ALIGN (0x4)
                0x90000000                        __ospi_device_1_end__ = .
                0x80000000                        __tz_OSPI_DEVICE_0_S = ORIGIN (OSPI_DEVICE_0)

.OSPI_DEVICE_0  0x80000000        0x0
                0x80000000                        __ospi_device_0_start__ = .
 *(.ospi_device_0*)
 *(.code_in_ospi_device_0*)
                0x80000000                        __ospi_device_0_end__ = .
                0x00000000                        __ospi_device_0_code_size__ = (__ospi_device_0_end__ - __ospi_device_0_start__)
                0x02002dc4                        __ospi_device_0_code_addr__ = (sgstubs_pre_location + SIZEOF (.qspi_non_retentive))

.ospi_device_0_non_retentive
                0x80000000        0x0 load address 0x02002dc4
                0x80000000                        __ospi_device_0_non_retentive_start__ = .
 *(.ospi_device_0_non_retentive*)
                0x80000000                        __ospi_device_0_non_retentive_end__ = .
                0x00000000                        __ospi_device_0_non_retentive_size__ = (__ospi_device_0_non_retentive_end__ - __ospi_device_0_non_retentive_start__)
                0x08000000                        __ospi_device_0_region_max_size__ = 0x8000000
                0x80000000                        __ospi_device_0_region_start_address__ = __ospi_device_0_start__
                0x88000000                        __ospi_device_0_region_end_address__ = (__ospi_device_0_start__ + __ospi_device_0_region_max_size__)
                0x80000000                        __tz_OSPI_DEVICE_0_N = __ospi_device_0_non_retentive_end__
                0x90000000                        __tz_OSPI_DEVICE_1_S = ORIGIN (OSPI_DEVICE_1)

.OSPI_DEVICE_1  0x90000000        0x0
                0x90000000                        __ospi_device_1_start__ = .
 *(.ospi_device_1*)
 *(.code_in_ospi_device_1*)
                0x90000000                        __ospi_device_1_end__ = .
                0x00000000                        __ospi_device_1_code_size__ = (__ospi_device_1_end__ - __ospi_device_1_start__)
                0x02002dc4                        __ospi_device_1_code_addr__ = (sgstubs_pre_location + (SIZEOF (.qspi_non_retentive) + SIZEOF (.ospi_device_0_non_retentive)))

.ospi_device_1_non_retentive
                0x90000000        0x0 load address 0x02002dc4
                0x90000000                        __ospi_device_1_non_retentive_start__ = .
 *(.ospi_device_1_non_retentive*)
                0x90000000                        __ospi_device_1_non_retentive_end__ = .
                0x00000000                        __ospi_device_1_non_retentive_size__ = (__ospi_device_1_non_retentive_end__ - __ospi_device_1_non_retentive_start__)
                0x10000000                        __ospi_device_1_region_max_size__ = 0x10000000
                0x90000000                        __ospi_device_1_region_start_address__ = __ospi_device_1_start__
                0xa0000000                        __ospi_device_1_region_end_address__ = (__ospi_device_1_start__ + __ospi_device_1_region_max_size__)
                0x90000000                        __tz_OSPI_DEVICE_1_N = __ospi_device_1_non_retentive_end__

.noinit         0x22000110       0x30
                0x22000110                        . = ALIGN (0x4)
                0x22000110                        __noinit_start = .
 *(.noinit*)
 .noinit        0x22000110       0x2c ./ra/fsp/src/bsp/mcu/all/bsp_clocks.o
                0x22000140                        . = ALIGN (0x8)
 *fill*         0x2200013c        0x4 
 *(.heap.*)
                0x22000140                        __noinit_end = .
                0x22000140                        . = .
                0x22000140                        __nocache_pre_location = .

.nocache        0x22000140        0x0
                0x22000140                        __nocache_start = .
 *(.nocache)
                0x22000140                        . = ALIGN (0x20)
                0x22000140                        __nocache_end = .
                0x22000140                        . = (SIZEOF (.nocache) > 0x0)?__nocache_end:__nocache_pre_location

.bss            0x22000140      0x844
                0x22000140                        . = ALIGN (0x4)
                0x22000140                        __bss_start__ = .
 *(.bss*)
 .bss.completed.1
                0x22000140        0x1 C:/Program Files (x86)/Arm GNU Toolchain arm-none-eabi/13.2 Rel1/bin/../lib/gcc/arm-none-eabi/13.2.1/thumb/v8-m.main+dp/hard/crtbegin.o
 *fill*         0x22000141        0x3 
 .bss.object.0  0x22000144       0x18 C:/Program Files (x86)/Arm GNU Toolchain arm-none-eabi/13.2 Rel1/bin/../lib/gcc/arm-none-eabi/13.2.1/thumb/v8-m.main+dp/hard/crtbegin.o
 *fill*         0x2200015c        0x4 
 .bss._acDownBuffer
                0x22000160       0x10 ./src/SEGGER_RTT/SEGGER_RTT.o
 .bss._acUpBuffer
                0x22000170      0x400 ./src/SEGGER_RTT/SEGGER_RTT.o
 .bss._SEGGER_RTT
                0x22000570       0xa8 ./src/SEGGER_RTT/SEGGER_RTT.o
                0x22000570                _SEGGER_RTT
 .bss.g_uart_event
                0x22000618        0x1 ./src/uart_ep.o
 .bss.g_data_received_flag
                0x22000619        0x1 ./src/uart_ep.o
 .bss.g_counter_var
                0x2200061a        0x1 ./src/uart_ep.o
 *fill*         0x2200061b        0x1 
 .bss.g_temp_buffer
                0x2200061c        0x4 ./src/uart_ep.o
 .bss.g_pc_uart_event
                0x22000620        0x1 ./src/uart_pc.o
 .bss.g_pc_data_received_flag
                0x22000621        0x1 ./src/uart_pc.o
 .bss.g_pc_counter_var
                0x22000622        0x1 ./src/uart_pc.o
 *fill*         0x22000623        0x5 
 .bss.g_pc_temp_buffer
                0x22000628       0xff ./src/uart_pc.o
 *fill*         0x22000727        0x1 
 .bss.g_ioport_ctrl
                0x22000728        0x8 ./ra_gen/common_data.o
                0x22000728                g_ioport_ctrl
 .bss.g_timer_ctrl
                0x22000730       0x20 ./ra_gen/hal_data.o
                0x22000730                g_timer_ctrl
 .bss.g_uart0_ctrl
                0x22000750       0x30 ./ra_gen/hal_data.o
                0x22000750                g_uart0_ctrl
 .bss.g_uart2_ctrl
                0x22000780       0x30 ./ra_gen/hal_data.o
                0x22000780                g_uart2_ctrl
 .bss.g_bsp_group_irq_sources
                0x220007b0       0x40 ./ra/fsp/src/bsp/mcu/all/bsp_group_irq.o
                0x220007b0                g_bsp_group_irq_sources
 .bss.g_protect_pfswe_counter
                0x220007f0        0x4 ./ra/fsp/src/bsp/mcu/all/bsp_io.o
                0x220007f0                g_protect_pfswe_counter
 *fill*         0x220007f4        0x4 
 .bss.gp_renesas_isr_context
                0x220007f8      0x180 ./ra/fsp/src/bsp/mcu/all/bsp_irq.o
                0x220007f8                gp_renesas_isr_context
 .bss.g_protect_counters
                0x22000978        0x8 ./ra/fsp/src/bsp/mcu/all/bsp_register_protection.o
                0x22000978                g_protect_counters
 .bss.SystemCoreClock
                0x22000980        0x4 ./ra/fsp/src/bsp/cmsis/Device/RENESAS/Source/system.o
                0x22000980                SystemCoreClock
 *(COMMON)
                0x22000984                        . = ALIGN (0x4)
                0x22000984                        __bss_end__ = .

.heap           0x22000988      0x400
                0x22000988                        . = ALIGN (0x8)
                0x22000988                        __HeapBase = .
 *(.heap)
 .heap          0x22000988      0x400 ./ra/fsp/src/bsp/cmsis/Device/RENESAS/Source/startup.o
                0x22000d88                        __HeapLimit = .

.stack_dummy    0x22000d88      0x400
                0x22000d88                        . = ALIGN (0x8)
                0x22000d88                        __StackLimit = .
 *(.stack)
 .stack         0x22000d88      0x400 ./ra/fsp/src/bsp/cmsis/Device/RENESAS/Source/startup.o
                0x22001188                        __StackTop = .
 *(.stack*)
                0x22001188                        __StackTopAll = .
                0x22001188                        PROVIDE (__stack = __StackTopAll)
                0x22001188                        __RAM_segment_used_end__ = ALIGN (__StackTopAll, 0x4)
                0x22001400                        __RAM_NSC_START = DEFINED (RAM_NSC_START)?ABSOLUTE ((RAM_NSC_START - RAM_NS_BUFFER_BLOCK_LENGTH)):__RESERVE_NS_RAM?ABSOLUTE (RAM_NS_BUFFER_BLOCK_START):ALIGN (__RAM_segment_used_end__, 0x400)
                0x22002000                        __tz_RAM_N = DEFINED (FLASH_BOOTLOADER_LENGTH)?((RAM_START + RAM_LENGTH) - RAM_APPLICATION_NS_LENGTH):DEFINED (RAM_NS_START)?ABSOLUTE ((RAM_NS_START - RAM_NS_BUFFER_BLOCK_LENGTH)):__RESERVE_NS_RAM?ABSOLUTE (RAM_NS_BUFFER_BLOCK_START):ALIGN (__RAM_NSC_START, 0x2000)

.ns_buffer      0x22001188        0x0
                0x22001188                        . = __RESERVE_NS_RAM?ABSOLUTE ((RAM_NS_BUFFER_START & 0xffffffe0)):.
 *(.ns_buffer*)

.data_flash     0x27000000        0x0
                0x27000000                        . = ORIGIN (DATA_FLASH)
                0x27000000                        __tz_DATA_FLASH_S = .
                0x27000000                        __Data_Flash_Start = .
 *(.data_flash*)
                0x27000000                        __Data_Flash_End = .
                0x27000000                        __tz_DATA_FLASH_N = DEFINED (DATA_FLASH_NS_START)?ABSOLUTE (DATA_FLASH_NS_START):__RESERVE_NS_RAM?ABSOLUTE ((DATA_FLASH_START + DATA_FLASH_LENGTH)):ALIGN (0x400)
                0x68000000                        __tz_SDRAM_S = ORIGIN (SDRAM)

.sdram          0x68000000        0x0
                0x68000000                        __SDRAM_Start = .
 *(.sdram*)
 *(.frame*)
                0x68000000                        __SDRAM_End = .
                0x68000000                        . = .
                0x68000000                        __nocache_sdram_pre_location = .

.nocache_sdram  0x68000000        0x0
                0x68000000                        __nocache_sdram_start = .
 *(.nocache_sdram)
                0x68000000                        . = ALIGN (0x20)
                0x68000000                        __nocache_sdram_end = .
                0x68000000                        . = (SIZEOF (.nocache_sdram) > 0x0)?__nocache_sdram_end:__nocache_sdram_pre_location
                0x68000000                        __tz_SDRAM_N = __SDRAM_End
                0x00000000                        __tz_ID_CODE_S = ORIGIN (ID_CODE)
                0x00000000                        __tz_ID_CODE_N = __tz_ID_CODE_S

.id_code        0x00000000        0x0
                0x00000000                        __ID_Code_Start = .
 *(.id_code*)
                0x00000000                        __ID_Code_End = .
                0x0300a100                        __tz_OPTION_SETTING_S = ORIGIN (OPTION_SETTING_OFS)

.option_setting_ofs
                0x0300a100       0x14
                0x0300a100                        __OPTION_SETTING_OFS_Start = .
 *(.option_setting_ofs0)
 .option_setting_ofs0
                0x0300a100        0x4 ./ra/fsp/src/bsp/mcu/all/bsp_rom_registers.o
                0x0300a104                        . = PROJECT_SECURE_OR_FLAT?(__OPTION_SETTING_OFS_Start + 0x4):__OPTION_SETTING_OFS_Start
 *(.option_setting_ofs2)
 .option_setting_ofs2
                0x0300a104        0x4 ./ra/fsp/src/bsp/mcu/all/bsp_rom_registers.o
                0x0300a110                        . = PROJECT_SECURE_OR_FLAT?(__OPTION_SETTING_OFS_Start + 0x10):__OPTION_SETTING_OFS_Start
 *fill*         0x0300a108        0x8 ff
 *(.option_setting_dualsel)
 .option_setting_dualsel
                0x0300a110        0x4 ./ra/fsp/src/bsp/mcu/all/bsp_rom_registers.o
                0x0300a114                        __OPTION_SETTING_OFS_End = .

.option_setting_sas
                0x0300a134        0x4
                0x0300a134                        __OPTION_SETTING_SAS_Start = .
 *(.option_setting_sas)
 .option_setting_sas
                0x0300a134        0x4 ./ra/fsp/src/bsp/mcu/all/bsp_rom_registers.o
                0x0300a138                        __OPTION_SETTING_SAS_End = .
                0x0300a180                        __tz_OPTION_SETTING_N = ABSOLUTE (OPTION_SETTING_START_NS)

.option_setting_ns
                0x0300a100        0x0
                0x0300a100                        __OPTION_SETTING_NS_Start = .
 *(.option_setting_ofs1)
                0x0300a100                        . = USE_OPTION_SETTING_NS?(__OPTION_SETTING_NS_Start + 0x4):__OPTION_SETTING_NS_Start
 *(.option_setting_ofs3)
                0x0300a100                        . = USE_OPTION_SETTING_NS?(__OPTION_SETTING_NS_Start + 0x10):__OPTION_SETTING_NS_Start
 *(.option_setting_banksel)
                0x0300a100                        . = USE_OPTION_SETTING_NS?(__OPTION_SETTING_NS_Start + 0x40):__OPTION_SETTING_NS_Start
 *(.option_setting_bps0)
                0x0300a100                        . = USE_OPTION_SETTING_NS?(__OPTION_SETTING_NS_Start + 0x44):__OPTION_SETTING_NS_Start
 *(.option_setting_bps1)
                0x0300a100                        . = USE_OPTION_SETTING_NS?(__OPTION_SETTING_NS_Start + 0x48):__OPTION_SETTING_NS_Start
 *(.option_setting_bps2)
                0x0300a100                        . = USE_OPTION_SETTING_NS?(__OPTION_SETTING_NS_Start + 0x4c):__OPTION_SETTING_NS_Start
 *(.option_setting_bps3)
                0x0300a100                        . = USE_OPTION_SETTING_NS?(__OPTION_SETTING_NS_Start + 0x60):__OPTION_SETTING_NS_Start
 *(.option_setting_pbps0)
                0x0300a100                        . = USE_OPTION_SETTING_NS?(__OPTION_SETTING_NS_Start + 0x64):__OPTION_SETTING_NS_Start
 *(.option_setting_pbps1)
                0x0300a100                        . = USE_OPTION_SETTING_NS?(__OPTION_SETTING_NS_Start + 0x68):__OPTION_SETTING_NS_Start
 *(.option_setting_pbps2)
                0x0300a100                        . = USE_OPTION_SETTING_NS?(__OPTION_SETTING_NS_Start + 0x6c):__OPTION_SETTING_NS_Start
 *(.option_setting_pbps3)
                0x0300a100                        __OPTION_SETTING_NS_End = .
                0x0300a200                        __tz_OPTION_SETTING_S_S = ORIGIN (OPTION_SETTING_S)

.option_setting_s
                0x0300a200       0xd0
                0x0300a200                        __OPTION_SETTING_S_Start = .
 *(.option_setting_ofs1_sec)
 .option_setting_ofs1_sec
                0x0300a200        0x4 ./ra/fsp/src/bsp/mcu/all/bsp_rom_registers.o
                0x0300a204                        . = PROJECT_SECURE_OR_FLAT?(__OPTION_SETTING_S_Start + 0x4):__OPTION_SETTING_S_Start
 *(.option_setting_ofs3_sec)
                0x0300a210                        . = PROJECT_SECURE_OR_FLAT?(__OPTION_SETTING_S_Start + 0x10):__OPTION_SETTING_S_Start
 *fill*         0x0300a204        0xc ff
 *(.option_setting_banksel_sec)
 .option_setting_banksel_sec
                0x0300a210        0x4 ./ra/fsp/src/bsp/mcu/all/bsp_rom_registers.o
                0x0300a240                        . = PROJECT_SECURE_OR_FLAT?(__OPTION_SETTING_S_Start + 0x40):__OPTION_SETTING_S_Start
 *fill*         0x0300a214       0x2c ff
 *(.option_setting_bps_sec0)
 .option_setting_bps_sec0
                0x0300a240        0x4 ./ra/fsp/src/bsp/mcu/all/bsp_rom_registers.o
                0x0300a244                        . = PROJECT_SECURE_OR_FLAT?(__OPTION_SETTING_S_Start + 0x44):__OPTION_SETTING_S_Start
 *(.option_setting_bps_sec1)
 .option_setting_bps_sec1
                0x0300a244        0x4 ./ra/fsp/src/bsp/mcu/all/bsp_rom_registers.o
                0x0300a248                        . = PROJECT_SECURE_OR_FLAT?(__OPTION_SETTING_S_Start + 0x48):__OPTION_SETTING_S_Start
 *(.option_setting_bps_sec2)
 .option_setting_bps_sec2
                0x0300a248        0x4 ./ra/fsp/src/bsp/mcu/all/bsp_rom_registers.o
                0x0300a24c                        . = PROJECT_SECURE_OR_FLAT?(__OPTION_SETTING_S_Start + 0x4c):__OPTION_SETTING_S_Start
 *(.option_setting_bps_sec3)
 .option_setting_bps_sec3
                0x0300a24c        0x4 ./ra/fsp/src/bsp/mcu/all/bsp_rom_registers.o
                0x0300a260                        . = PROJECT_SECURE_OR_FLAT?(__OPTION_SETTING_S_Start + 0x60):__OPTION_SETTING_S_Start
 *fill*         0x0300a250       0x10 ff
 *(.option_setting_pbps_sec0)
 .option_setting_pbps_sec0
                0x0300a260        0x4 ./ra/fsp/src/bsp/mcu/all/bsp_rom_registers.o
                0x0300a264                        . = PROJECT_SECURE_OR_FLAT?(__OPTION_SETTING_S_Start + 0x64):__OPTION_SETTING_S_Start
 *(.option_setting_pbps_sec1)
 .option_setting_pbps_sec1
                0x0300a264        0x4 ./ra/fsp/src/bsp/mcu/all/bsp_rom_registers.o
                0x0300a268                        . = PROJECT_SECURE_OR_FLAT?(__OPTION_SETTING_S_Start + 0x68):__OPTION_SETTING_S_Start
 *(.option_setting_pbps_sec2)
 .option_setting_pbps_sec2
                0x0300a268        0x4 ./ra/fsp/src/bsp/mcu/all/bsp_rom_registers.o
                0x0300a26c                        . = PROJECT_SECURE_OR_FLAT?(__OPTION_SETTING_S_Start + 0x6c):__OPTION_SETTING_S_Start
 *(.option_setting_pbps_sec3)
 .option_setting_pbps_sec3
                0x0300a26c        0x4 ./ra/fsp/src/bsp/mcu/all/bsp_rom_registers.o
                0x0300a280                        . = PROJECT_SECURE_OR_FLAT?(__OPTION_SETTING_S_Start + 0x80):__OPTION_SETTING_S_Start
 *fill*         0x0300a270       0x10 ff
 *(.option_setting_ofs1_sel)
 .option_setting_ofs1_sel
                0x0300a280        0x4 ./ra/fsp/src/bsp/mcu/all/bsp_rom_registers.o
                0x0300a284                        . = PROJECT_SECURE_OR_FLAT?(__OPTION_SETTING_S_Start + 0x84):__OPTION_SETTING_S_Start
 *(.option_setting_ofs3_sel)
                0x0300a290                        . = PROJECT_SECURE_OR_FLAT?(__OPTION_SETTING_S_Start + 0x90):__OPTION_SETTING_S_Start
 *fill*         0x0300a284        0xc ff
 *(.option_setting_banksel_sel)
 .option_setting_banksel_sel
                0x0300a290        0x4 ./ra/fsp/src/bsp/mcu/all/bsp_rom_registers.o
                0x0300a2c0                        . = PROJECT_SECURE_OR_FLAT?(__OPTION_SETTING_S_Start + 0xc0):__OPTION_SETTING_S_Start
 *fill*         0x0300a294       0x2c ff
 *(.option_setting_bps_sel0)
 .option_setting_bps_sel0
                0x0300a2c0        0x4 ./ra/fsp/src/bsp/mcu/all/bsp_rom_registers.o
                0x0300a2c4                        . = PROJECT_SECURE_OR_FLAT?(__OPTION_SETTING_S_Start + 0xc4):__OPTION_SETTING_S_Start
 *(.option_setting_bps_sel1)
 .option_setting_bps_sel1
                0x0300a2c4        0x4 ./ra/fsp/src/bsp/mcu/all/bsp_rom_registers.o
                0x0300a2c8                        . = PROJECT_SECURE_OR_FLAT?(__OPTION_SETTING_S_Start + 0xc8):__OPTION_SETTING_S_Start
 *(.option_setting_bps_sel2)
 .option_setting_bps_sel2
                0x0300a2c8        0x4 ./ra/fsp/src/bsp/mcu/all/bsp_rom_registers.o
                0x0300a2cc                        . = PROJECT_SECURE_OR_FLAT?(__OPTION_SETTING_S_Start + 0xcc):__OPTION_SETTING_S_Start
 *(.option_setting_bps_sel3)
 .option_setting_bps_sel3
                0x0300a2cc        0x4 ./ra/fsp/src/bsp/mcu/all/bsp_rom_registers.o
                0x0300a2d0                        __OPTION_SETTING_S_End = .
                0x0300a2d0                        __tz_OPTION_SETTING_S_N = __OPTION_SETTING_S_End
                0x27030080                        __tz_OPTION_SETTING_DATA_FLASH_S_S = ORIGIN (OPTION_SETTING_DATA_FLASH_S)

.option_setting_data_flash_s
                0x27030080      0x2e0
                0x27030080                        __OPTION_SETTING_DATA_FLASH_S_Start = .
 *(.option_setting_data_flash_fsblctrl0)
 .option_setting_data_flash_fsblctrl0
                0x27030080        0x4 ./ra/fsp/src/bsp/mcu/all/bsp_rom_registers.o
                0x27030084                        . = USE_OPTION_SETTING_DATA_FLASH?(__OPTION_SETTING_DATA_FLASH_S_Start + 0x4):__OPTION_SETTING_DATA_FLASH_S_Start
 *(.option_setting_data_flash_fsblctrl1)
 .option_setting_data_flash_fsblctrl1
                0x27030084        0x4 ./ra/fsp/src/bsp/mcu/all/bsp_rom_registers.o
                0x27030088                        . = USE_OPTION_SETTING_DATA_FLASH?(__OPTION_SETTING_DATA_FLASH_S_Start + 0x8):__OPTION_SETTING_DATA_FLASH_S_Start
 *(.option_setting_data_flash_fsblctrl2)
 .option_setting_data_flash_fsblctrl2
                0x27030088        0x4 ./ra/fsp/src/bsp/mcu/all/bsp_rom_registers.o
                0x2703008c                        . = USE_OPTION_SETTING_DATA_FLASH?(__OPTION_SETTING_DATA_FLASH_S_Start + 0xc):__OPTION_SETTING_DATA_FLASH_S_Start
 *(.option_setting_data_flash_sacc0)
 .option_setting_data_flash_sacc0
                0x2703008c        0x4 ./ra/fsp/src/bsp/mcu/all/bsp_rom_registers.o
                0x27030090                        . = USE_OPTION_SETTING_DATA_FLASH?(__OPTION_SETTING_DATA_FLASH_S_Start + 0x10):__OPTION_SETTING_DATA_FLASH_S_Start
 *(.option_setting_data_flash_sacc1)
 .option_setting_data_flash_sacc1
                0x27030090        0x4 ./ra/fsp/src/bsp/mcu/all/bsp_rom_registers.o
                0x27030094                        . = USE_OPTION_SETTING_DATA_FLASH?(__OPTION_SETTING_DATA_FLASH_S_Start + 0x14):__OPTION_SETTING_DATA_FLASH_S_Start
 *(.option_setting_data_flash_samr)
 .option_setting_data_flash_samr
                0x27030094        0x4 ./ra/fsp/src/bsp/mcu/all/bsp_rom_registers.o
                0x27030360                        . = USE_OPTION_SETTING_DATA_FLASH?(__OPTION_SETTING_DATA_FLASH_S_Start + 0x2e0):__OPTION_SETTING_DATA_FLASH_S_Start
 *fill*         0x27030098      0x2c8 ff
 *(.option_setting_data_flash_hoemrtpk)
                0x27030360                        __OPTION_SETTING_DATA_FLASH_S_End = .
                0x27030360                        __tz_OPTION_SETTING_DATA_FLASH_S_N = __OPTION_SETTING_DATA_FLASH_S_End
OUTPUT(sci_uart_ek_ra8m1_ep.elf elf32-littlearm)
LOAD linker stubs

.rel.dyn        0x27030360        0x0
 .rel.iplt      0x27030360        0x0 C:/Program Files (x86)/Arm GNU Toolchain arm-none-eabi/13.2 Rel1/bin/../lib/gcc/arm-none-eabi/13.2.1/thumb/v8-m.main+dp/hard/crtbegin.o

.ARM.attributes
                0x00000000       0x3a
 .ARM.attributes
                0x00000000       0x24 C:/Program Files (x86)/Arm GNU Toolchain arm-none-eabi/13.2 Rel1/bin/../lib/gcc/arm-none-eabi/13.2.1/thumb/v8-m.main+dp/hard/crti.o
 .ARM.attributes
                0x00000024       0x36 C:/Program Files (x86)/Arm GNU Toolchain arm-none-eabi/13.2 Rel1/bin/../lib/gcc/arm-none-eabi/13.2.1/thumb/v8-m.main+dp/hard/crtbegin.o
 .ARM.attributes
                0x0000005a       0x3e ./src/SEGGER_RTT/SEGGER_RTT.o
 .ARM.attributes
                0x00000098       0x3e ./src/SEGGER_RTT/SEGGER_RTT_printf.o
 .ARM.attributes
                0x000000d6       0x3e ./src/hal_entry.o
 .ARM.attributes
                0x00000114       0x3e ./src/timer_pwm.o
 .ARM.attributes
                0x00000152       0x3e ./src/uart_ep.o
 .ARM.attributes
                0x00000190       0x3e ./src/uart_pc.o
 .ARM.attributes
                0x000001ce       0x3e ./ra_gen/common_data.o
 .ARM.attributes
                0x0000020c       0x3e ./ra_gen/hal_data.o
 .ARM.attributes
                0x0000024a       0x3e ./ra_gen/main.o
 .ARM.attributes
                0x00000288       0x3e ./ra_gen/pin_data.o
 .ARM.attributes
                0x000002c6       0x3e ./ra_gen/vector_data.o
 .ARM.attributes
                0x00000304       0x3e ./ra/fsp/src/r_sci_b_uart/r_sci_b_uart.o
 .ARM.attributes
                0x00000342       0x3e ./ra/fsp/src/r_ioport/r_ioport.o
 .ARM.attributes
                0x00000380       0x3e ./ra/fsp/src/r_gpt/r_gpt.o
 .ARM.attributes
                0x000003be       0x3e ./ra/fsp/src/bsp/mcu/all/bsp_clocks.o
 .ARM.attributes
                0x000003fc       0x3e ./ra/fsp/src/bsp/mcu/all/bsp_common.o
 .ARM.attributes
                0x0000043a       0x3e ./ra/fsp/src/bsp/mcu/all/bsp_delay.o
 .ARM.attributes
                0x00000478       0x3e ./ra/fsp/src/bsp/mcu/all/bsp_group_irq.o
 .ARM.attributes
                0x000004b6       0x3e ./ra/fsp/src/bsp/mcu/all/bsp_io.o
 .ARM.attributes
                0x000004f4       0x3e ./ra/fsp/src/bsp/mcu/all/bsp_irq.o
 .ARM.attributes
                0x00000532       0x3e ./ra/fsp/src/bsp/mcu/all/bsp_register_protection.o
 .ARM.attributes
                0x00000570       0x3e ./ra/fsp/src/bsp/mcu/all/bsp_rom_registers.o
 .ARM.attributes
                0x000005ae       0x3e ./ra/fsp/src/bsp/cmsis/Device/RENESAS/Source/startup.o
 .ARM.attributes
                0x000005ec       0x3e ./ra/fsp/src/bsp/cmsis/Device/RENESAS/Source/system.o
 .ARM.attributes
                0x0000062a       0x3e ./ra/board/ra8m1_ek/board_init.o
 .ARM.attributes
                0x00000668       0x36 C:/Program Files (x86)/Arm GNU Toolchain arm-none-eabi/13.2 Rel1/bin/../lib/gcc/arm-none-eabi/13.2.1/thumb/v8-m.main+dp/hard\libg_nano.a(libc_a-memset.o)
 .ARM.attributes
                0x0000069e       0x36 C:/Program Files (x86)/Arm GNU Toolchain arm-none-eabi/13.2 Rel1/bin/../lib/gcc/arm-none-eabi/13.2.1/thumb/v8-m.main+dp/hard\libg_nano.a(libc_a-memcpy-stub.o)
 .ARM.attributes
                0x000006d4       0x22 C:/Program Files (x86)/Arm GNU Toolchain arm-none-eabi/13.2 Rel1/bin/../lib/gcc/arm-none-eabi/13.2.1/thumb/v8-m.main+dp/hard\libg_nano.a(libc_a-strlen.o)
 .ARM.attributes
                0x000006f6       0x36 C:/Program Files (x86)/Arm GNU Toolchain arm-none-eabi/13.2 Rel1/bin/../lib/gcc/arm-none-eabi/13.2.1/thumb/v8-m.main+dp/hard/crtend.o
 .ARM.attributes
                0x0000072c       0x24 C:/Program Files (x86)/Arm GNU Toolchain arm-none-eabi/13.2 Rel1/bin/../lib/gcc/arm-none-eabi/13.2.1/thumb/v8-m.main+dp/hard/crtn.o

.comment        0x00000000       0x44
 .comment       0x00000000       0x44 ./src/SEGGER_RTT/SEGGER_RTT.o
                                 0x45 (size before relaxing)
 .comment       0x00000044       0x45 ./src/SEGGER_RTT/SEGGER_RTT_printf.o
 .comment       0x00000044       0x45 ./src/hal_entry.o
 .comment       0x00000044       0x45 ./src/timer_pwm.o
 .comment       0x00000044       0x45 ./src/uart_ep.o
 .comment       0x00000044       0x45 ./src/uart_pc.o
 .comment       0x00000044       0x45 ./ra_gen/common_data.o
 .comment       0x00000044       0x45 ./ra_gen/hal_data.o
 .comment       0x00000044       0x45 ./ra_gen/main.o
 .comment       0x00000044       0x45 ./ra_gen/pin_data.o
 .comment       0x00000044       0x45 ./ra_gen/vector_data.o
 .comment       0x00000044       0x45 ./ra/fsp/src/r_sci_b_uart/r_sci_b_uart.o
 .comment       0x00000044       0x45 ./ra/fsp/src/r_ioport/r_ioport.o
 .comment       0x00000044       0x45 ./ra/fsp/src/r_gpt/r_gpt.o
 .comment       0x00000044       0x45 ./ra/fsp/src/bsp/mcu/all/bsp_clocks.o
 .comment       0x00000044       0x45 ./ra/fsp/src/bsp/mcu/all/bsp_common.o
 .comment       0x00000044       0x45 ./ra/fsp/src/bsp/mcu/all/bsp_delay.o
 .comment       0x00000044       0x45 ./ra/fsp/src/bsp/mcu/all/bsp_group_irq.o
 .comment       0x00000044       0x45 ./ra/fsp/src/bsp/mcu/all/bsp_io.o
 .comment       0x00000044       0x45 ./ra/fsp/src/bsp/mcu/all/bsp_irq.o
 .comment       0x00000044       0x45 ./ra/fsp/src/bsp/mcu/all/bsp_register_protection.o
 .comment       0x00000044       0x45 ./ra/fsp/src/bsp/mcu/all/bsp_rom_registers.o
 .comment       0x00000044       0x45 ./ra/fsp/src/bsp/cmsis/Device/RENESAS/Source/startup.o
 .comment       0x00000044       0x45 ./ra/fsp/src/bsp/cmsis/Device/RENESAS/Source/system.o
 .comment       0x00000044       0x45 ./ra/board/ra8m1_ek/board_init.o

.debug_info     0x00000000    0x5219b
 .debug_info    0x00000000     0x2399 ./src/SEGGER_RTT/SEGGER_RTT.o
 .debug_info    0x00002399      0x6f0 ./src/SEGGER_RTT/SEGGER_RTT_printf.o
 .debug_info    0x00002a89     0x14a7 ./src/hal_entry.o
 .debug_info    0x00003f30     0x3b7d ./src/timer_pwm.o
 .debug_info    0x00007aad     0x2ec1 ./src/uart_ep.o
 .debug_info    0x0000a96e     0x30c0 ./src/uart_pc.o
 .debug_info    0x0000da2e     0x123d ./ra_gen/common_data.o
 .debug_info    0x0000ec6b     0x6bce ./ra_gen/hal_data.o
 .debug_info    0x00015839       0xb0 ./ra_gen/main.o
 .debug_info    0x000158e9      0xa34 ./ra_gen/pin_data.o
 .debug_info    0x0001631d      0x913 ./ra_gen/vector_data.o
 .debug_info    0x00016c30     0xcbb9 ./ra/fsp/src/r_sci_b_uart/r_sci_b_uart.o
 .debug_info    0x000237e9     0xb1be ./ra/fsp/src/r_ioport/r_ioport.o
 .debug_info    0x0002e9a7     0xe4c7 ./ra/fsp/src/r_gpt/r_gpt.o
 .debug_info    0x0003ce6e     0x8c67 ./ra/fsp/src/bsp/mcu/all/bsp_clocks.o
 .debug_info    0x00045ad5      0x955 ./ra/fsp/src/bsp/mcu/all/bsp_common.o
 .debug_info    0x0004642a      0x20c ./ra/fsp/src/bsp/mcu/all/bsp_delay.o
 .debug_info    0x00046636     0x12e6 ./ra/fsp/src/bsp/mcu/all/bsp_group_irq.o
 .debug_info    0x0004791c       0xb1 ./ra/fsp/src/bsp/mcu/all/bsp_io.o
 .debug_info    0x000479cd     0x1306 ./ra/fsp/src/bsp/mcu/all/bsp_irq.o
 .debug_info    0x00048cd3     0x68b3 ./ra/fsp/src/bsp/mcu/all/bsp_register_protection.o
 .debug_info    0x0004f586      0x26a ./ra/fsp/src/bsp/mcu/all/bsp_rom_registers.o
 .debug_info    0x0004f7f0      0x17a ./ra/fsp/src/bsp/cmsis/Device/RENESAS/Source/startup.o
 .debug_info    0x0004f96a     0x278d ./ra/fsp/src/bsp/cmsis/Device/RENESAS/Source/system.o
 .debug_info    0x000520f7       0xa4 ./ra/board/ra8m1_ek/board_init.o

.debug_abbrev   0x00000000     0x3c66
 .debug_abbrev  0x00000000      0x370 ./src/SEGGER_RTT/SEGGER_RTT.o
 .debug_abbrev  0x00000370      0x2af ./src/SEGGER_RTT/SEGGER_RTT_printf.o
 .debug_abbrev  0x0000061f      0x223 ./src/hal_entry.o
 .debug_abbrev  0x00000842      0x263 ./src/timer_pwm.o
 .debug_abbrev  0x00000aa5      0x3d1 ./src/uart_ep.o
 .debug_abbrev  0x00000e76      0x413 ./src/uart_pc.o
 .debug_abbrev  0x00001289      0x12e ./ra_gen/common_data.o
 .debug_abbrev  0x000013b7      0x2b3 ./ra_gen/hal_data.o
 .debug_abbrev  0x0000166a       0x64 ./ra_gen/main.o
 .debug_abbrev  0x000016ce       0xf6 ./ra_gen/pin_data.o
 .debug_abbrev  0x000017c4       0xba ./ra_gen/vector_data.o
 .debug_abbrev  0x0000187e      0x67a ./ra/fsp/src/r_sci_b_uart/r_sci_b_uart.o
 .debug_abbrev  0x00001ef8      0x4ad ./ra/fsp/src/r_ioport/r_ioport.o
 .debug_abbrev  0x000023a5      0x696 ./ra/fsp/src/r_gpt/r_gpt.o
 .debug_abbrev  0x00002a3b      0x3b2 ./ra/fsp/src/bsp/mcu/all/bsp_clocks.o
 .debug_abbrev  0x00002ded      0x183 ./ra/fsp/src/bsp/mcu/all/bsp_common.o
 .debug_abbrev  0x00002f70      0x10f ./ra/fsp/src/bsp/mcu/all/bsp_delay.o
 .debug_abbrev  0x0000307f      0x25d ./ra/fsp/src/bsp/mcu/all/bsp_group_irq.o
 .debug_abbrev  0x000032dc       0x5e ./ra/fsp/src/bsp/mcu/all/bsp_io.o
 .debug_abbrev  0x0000333a      0x1b6 ./ra/fsp/src/bsp/mcu/all/bsp_irq.o
 .debug_abbrev  0x000034f0      0x268 ./ra/fsp/src/bsp/mcu/all/bsp_register_protection.o
 .debug_abbrev  0x00003758       0x4d ./ra/fsp/src/bsp/mcu/all/bsp_rom_registers.o
 .debug_abbrev  0x000037a5       0xf9 ./ra/fsp/src/bsp/cmsis/Device/RENESAS/Source/startup.o
 .debug_abbrev  0x0000389e      0x36c ./ra/fsp/src/bsp/cmsis/Device/RENESAS/Source/system.o
 .debug_abbrev  0x00003c0a       0x5c ./ra/board/ra8m1_ek/board_init.o

.debug_loc      0x00000000     0xb418
 .debug_loc     0x00000000     0x2eed ./src/SEGGER_RTT/SEGGER_RTT.o
 .debug_loc     0x00002eed      0x968 ./src/SEGGER_RTT/SEGGER_RTT_printf.o
 .debug_loc     0x00003855      0x152 ./src/hal_entry.o
 .debug_loc     0x000039a7      0x150 ./src/timer_pwm.o
 .debug_loc     0x00003af7      0x1eb ./src/uart_ep.o
 .debug_loc     0x00003ce2      0x2a2 ./src/uart_pc.o
 .debug_loc     0x00003f84     0x1f92 ./ra/fsp/src/r_sci_b_uart/r_sci_b_uart.o
 .debug_loc     0x00005f16     0x1bf2 ./ra/fsp/src/r_ioport/r_ioport.o
 .debug_loc     0x00007b08     0x2c49 ./ra/fsp/src/r_gpt/r_gpt.o
 .debug_loc     0x0000a751      0x719 ./ra/fsp/src/bsp/mcu/all/bsp_clocks.o
 .debug_loc     0x0000ae6a       0x3c ./ra/fsp/src/bsp/mcu/all/bsp_common.o
 .debug_loc     0x0000aea6      0x26b ./ra/fsp/src/bsp/mcu/all/bsp_delay.o
 .debug_loc     0x0000b111       0xcb ./ra/fsp/src/bsp/mcu/all/bsp_group_irq.o
 .debug_loc     0x0000b1dc       0x23 ./ra/fsp/src/bsp/mcu/all/bsp_irq.o
 .debug_loc     0x0000b1ff      0x10b ./ra/fsp/src/bsp/mcu/all/bsp_register_protection.o
 .debug_loc     0x0000b30a      0x10e ./ra/fsp/src/bsp/cmsis/Device/RENESAS/Source/system.o

.debug_aranges  0x00000000      0x6d0
 .debug_aranges
                0x00000000      0x128 ./src/SEGGER_RTT/SEGGER_RTT.o
 .debug_aranges
                0x00000128       0x38 ./src/SEGGER_RTT/SEGGER_RTT_printf.o
 .debug_aranges
                0x00000160       0x28 ./src/hal_entry.o
 .debug_aranges
                0x00000188       0x38 ./src/timer_pwm.o
 .debug_aranges
                0x000001c0       0x40 ./src/uart_ep.o
 .debug_aranges
                0x00000200       0x48 ./src/uart_pc.o
 .debug_aranges
                0x00000248       0x20 ./ra_gen/common_data.o
 .debug_aranges
                0x00000268       0x20 ./ra_gen/hal_data.o
 .debug_aranges
                0x00000288       0x20 ./ra_gen/main.o
 .debug_aranges
                0x000002a8       0x18 ./ra_gen/pin_data.o
 .debug_aranges
                0x000002c0       0x18 ./ra_gen/vector_data.o
 .debug_aranges
                0x000002d8       0x98 ./ra/fsp/src/r_sci_b_uart/r_sci_b_uart.o
 .debug_aranges
                0x00000370       0x90 ./ra/fsp/src/r_ioport/r_ioport.o
 .debug_aranges
                0x00000400       0xe8 ./ra/fsp/src/r_gpt/r_gpt.o
 .debug_aranges
                0x000004e8       0x80 ./ra/fsp/src/bsp/mcu/all/bsp_clocks.o
 .debug_aranges
                0x00000568       0x30 ./ra/fsp/src/bsp/mcu/all/bsp_common.o
 .debug_aranges
                0x00000598       0x28 ./ra/fsp/src/bsp/mcu/all/bsp_delay.o
 .debug_aranges
                0x000005c0       0x28 ./ra/fsp/src/bsp/mcu/all/bsp_group_irq.o
 .debug_aranges
                0x000005e8       0x18 ./ra/fsp/src/bsp/mcu/all/bsp_io.o
 .debug_aranges
                0x00000600       0x20 ./ra/fsp/src/bsp/mcu/all/bsp_irq.o
 .debug_aranges
                0x00000620       0x28 ./ra/fsp/src/bsp/mcu/all/bsp_register_protection.o
 .debug_aranges
                0x00000648       0x18 ./ra/fsp/src/bsp/mcu/all/bsp_rom_registers.o
 .debug_aranges
                0x00000660       0x28 ./ra/fsp/src/bsp/cmsis/Device/RENESAS/Source/startup.o
 .debug_aranges
                0x00000688       0x28 ./ra/fsp/src/bsp/cmsis/Device/RENESAS/Source/system.o
 .debug_aranges
                0x000006b0       0x20 ./ra/board/ra8m1_ek/board_init.o

.debug_ranges   0x00000000     0x1738
 .debug_ranges  0x00000000      0x598 ./src/SEGGER_RTT/SEGGER_RTT.o
 .debug_ranges  0x00000598       0x70 ./src/SEGGER_RTT/SEGGER_RTT_printf.o
 .debug_ranges  0x00000608       0x18 ./src/hal_entry.o
 .debug_ranges  0x00000620       0x28 ./src/timer_pwm.o
 .debug_ranges  0x00000648       0x68 ./src/uart_ep.o
 .debug_ranges  0x000006b0       0xb8 ./src/uart_pc.o
 .debug_ranges  0x00000768       0x10 ./ra_gen/common_data.o
 .debug_ranges  0x00000778       0x10 ./ra_gen/hal_data.o
 .debug_ranges  0x00000788       0x10 ./ra_gen/main.o
 .debug_ranges  0x00000798      0x4e0 ./ra/fsp/src/r_sci_b_uart/r_sci_b_uart.o
 .debug_ranges  0x00000c78      0x1d8 ./ra/fsp/src/r_ioport/r_ioport.o
 .debug_ranges  0x00000e50      0x588 ./ra/fsp/src/r_gpt/r_gpt.o
 .debug_ranges  0x000013d8      0x168 ./ra/fsp/src/bsp/mcu/all/bsp_clocks.o
 .debug_ranges  0x00001540       0x20 ./ra/fsp/src/bsp/mcu/all/bsp_common.o
 .debug_ranges  0x00001560       0x50 ./ra/fsp/src/bsp/mcu/all/bsp_delay.o
 .debug_ranges  0x000015b0       0x58 ./ra/fsp/src/bsp/mcu/all/bsp_group_irq.o
 .debug_ranges  0x00001608       0x28 ./ra/fsp/src/bsp/mcu/all/bsp_irq.o
 .debug_ranges  0x00001630       0x48 ./ra/fsp/src/bsp/mcu/all/bsp_register_protection.o
 .debug_ranges  0x00001678       0x18 ./ra/fsp/src/bsp/cmsis/Device/RENESAS/Source/startup.o
 .debug_ranges  0x00001690       0x98 ./ra/fsp/src/bsp/cmsis/Device/RENESAS/Source/system.o
 .debug_ranges  0x00001728       0x10 ./ra/board/ra8m1_ek/board_init.o

.debug_line     0x00000000     0xb9e6
 .debug_line    0x00000000     0x17b2 ./src/SEGGER_RTT/SEGGER_RTT.o
 .debug_line    0x000017b2      0x79d ./src/SEGGER_RTT/SEGGER_RTT_printf.o
 .debug_line    0x00001f4f      0x5eb ./src/hal_entry.o
 .debug_line    0x0000253a      0x4cb ./src/timer_pwm.o
 .debug_line    0x00002a05      0x70d ./src/uart_ep.o
 .debug_line    0x00003112      0x7c2 ./src/uart_pc.o
 .debug_line    0x000038d4      0x33b ./ra_gen/common_data.o
 .debug_line    0x00003c0f      0x3a8 ./ra_gen/hal_data.o
 .debug_line    0x00003fb7       0x5e ./ra_gen/main.o
 .debug_line    0x00004015      0x285 ./ra_gen/pin_data.o
 .debug_line    0x0000429a      0x1b3 ./ra_gen/vector_data.o
 .debug_line    0x0000444d     0x1bc6 ./ra/fsp/src/r_sci_b_uart/r_sci_b_uart.o
 .debug_line    0x00006013     0x1071 ./ra/fsp/src/r_ioport/r_ioport.o
 .debug_line    0x00007084     0x1c22 ./ra/fsp/src/r_gpt/r_gpt.o
 .debug_line    0x00008ca6      0xe4d ./ra/fsp/src/bsp/mcu/all/bsp_clocks.o
 .debug_line    0x00009af3      0x2f2 ./ra/fsp/src/bsp/mcu/all/bsp_common.o
 .debug_line    0x00009de5      0x323 ./ra/fsp/src/bsp/mcu/all/bsp_delay.o
 .debug_line    0x0000a108      0x42b ./ra/fsp/src/bsp/mcu/all/bsp_group_irq.o
 .debug_line    0x0000a533      0x19b ./ra/fsp/src/bsp/mcu/all/bsp_io.o
 .debug_line    0x0000a6ce      0x32b ./ra/fsp/src/bsp/mcu/all/bsp_irq.o
 .debug_line    0x0000a9f9      0x435 ./ra/fsp/src/bsp/mcu/all/bsp_register_protection.o
 .debug_line    0x0000ae2e      0x129 ./ra/fsp/src/bsp/mcu/all/bsp_rom_registers.o
 .debug_line    0x0000af57      0x207 ./ra/fsp/src/bsp/cmsis/Device/RENESAS/Source/startup.o
 .debug_line    0x0000b15e      0x82e ./ra/fsp/src/bsp/cmsis/Device/RENESAS/Source/system.o
 .debug_line    0x0000b98c       0x5a ./ra/board/ra8m1_ek/board_init.o

.debug_str      0x00000000     0xff3a
 .debug_str     0x00000000     0xff3a ./src/SEGGER_RTT/SEGGER_RTT.o
                                0x6ff (size before relaxing)
 .debug_str     0x0000ff3a      0x30f ./src/SEGGER_RTT/SEGGER_RTT_printf.o
 .debug_str     0x0000ff3a     0x3275 ./src/hal_entry.o
 .debug_str     0x0000ff3a     0x3208 ./src/timer_pwm.o
 .debug_str     0x0000ff3a     0x3f82 ./src/uart_ep.o
 .debug_str     0x0000ff3a     0x3f9c ./src/uart_pc.o
 .debug_str     0x0000ff3a     0x3311 ./ra_gen/common_data.o
 .debug_str     0x0000ff3a     0x6a51 ./ra_gen/hal_data.o
 .debug_str     0x0000ff3a      0x1cf ./ra_gen/main.o
 .debug_str     0x0000ff3a     0x1d72 ./ra_gen/pin_data.o
 .debug_str     0x0000ff3a     0x2007 ./ra_gen/vector_data.o
 .debug_str     0x0000ff3a     0x7a03 ./ra/fsp/src/r_sci_b_uart/r_sci_b_uart.o
 .debug_str     0x0000ff3a     0x690f ./ra/fsp/src/r_ioport/r_ioport.o
 .debug_str     0x0000ff3a     0x7cb4 ./ra/fsp/src/r_gpt/r_gpt.o
 .debug_str     0x0000ff3a     0x355d ./ra/fsp/src/bsp/mcu/all/bsp_clocks.o
 .debug_str     0x0000ff3a     0x1c1c ./ra/fsp/src/bsp/mcu/all/bsp_common.o
 .debug_str     0x0000ff3a      0x319 ./ra/fsp/src/bsp/mcu/all/bsp_delay.o
 .debug_str     0x0000ff3a     0x2071 ./ra/fsp/src/bsp/mcu/all/bsp_group_irq.o
 .debug_str     0x0000ff3a      0x1f8 ./ra/fsp/src/bsp/mcu/all/bsp_io.o
 .debug_str     0x0000ff3a     0x23ed ./ra/fsp/src/bsp/mcu/all/bsp_irq.o
 .debug_str     0x0000ff3a     0x2834 ./ra/fsp/src/bsp/mcu/all/bsp_register_protection.o
 .debug_str     0x0000ff3a      0x3ce ./ra/fsp/src/bsp/mcu/all/bsp_rom_registers.o
 .debug_str     0x0000ff3a      0x267 ./ra/fsp/src/bsp/cmsis/Device/RENESAS/Source/startup.o
 .debug_str     0x0000ff3a     0x12c4 ./ra/fsp/src/bsp/cmsis/Device/RENESAS/Source/system.o
 .debug_str     0x0000ff3a      0x1db ./ra/board/ra8m1_ek/board_init.o

.debug_frame    0x00000000     0x122c
 .debug_frame   0x00000000      0x434 ./src/SEGGER_RTT/SEGGER_RTT.o
 .debug_frame   0x00000434       0xb8 ./src/SEGGER_RTT/SEGGER_RTT_printf.o
 .debug_frame   0x000004ec       0x48 ./src/hal_entry.o
 .debug_frame   0x00000534       0x74 ./src/timer_pwm.o
 .debug_frame   0x000005a8       0xa0 ./src/uart_ep.o
 .debug_frame   0x00000648       0xb8 ./src/uart_pc.o
 .debug_frame   0x00000700       0x20 ./ra_gen/common_data.o
 .debug_frame   0x00000720       0x20 ./ra_gen/hal_data.o
 .debug_frame   0x00000740       0x28 ./ra_gen/main.o
 .debug_frame   0x00000768      0x250 ./ra/fsp/src/r_sci_b_uart/r_sci_b_uart.o
 .debug_frame   0x000009b8      0x1dc ./ra/fsp/src/r_ioport/r_ioport.o
 .debug_frame   0x00000b94      0x334 ./ra/fsp/src/r_gpt/r_gpt.o
 .debug_frame   0x00000ec8      0x144 ./ra/fsp/src/bsp/mcu/all/bsp_clocks.o
 .debug_frame   0x0000100c       0x40 ./ra/fsp/src/bsp/mcu/all/bsp_common.o
 .debug_frame   0x0000104c       0x4c ./ra/fsp/src/bsp/mcu/all/bsp_delay.o
 .debug_frame   0x00001098       0x3c ./ra/fsp/src/bsp/mcu/all/bsp_group_irq.o
 .debug_frame   0x000010d4       0x2c ./ra/fsp/src/bsp/mcu/all/bsp_irq.o
 .debug_frame   0x00001100       0x48 ./ra/fsp/src/bsp/mcu/all/bsp_register_protection.o
 .debug_frame   0x00001148       0x38 ./ra/fsp/src/bsp/cmsis/Device/RENESAS/Source/startup.o
 .debug_frame   0x00001180       0x44 ./ra/fsp/src/bsp/cmsis/Device/RENESAS/Source/system.o
 .debug_frame   0x000011c4       0x20 ./ra/board/ra8m1_ek/board_init.o
 .debug_frame   0x000011e4       0x20 C:/Program Files (x86)/Arm GNU Toolchain arm-none-eabi/13.2 Rel1/bin/../lib/gcc/arm-none-eabi/13.2.1/thumb/v8-m.main+dp/hard\libg_nano.a(libc_a-memset.o)
 .debug_frame   0x00001204       0x28 C:/Program Files (x86)/Arm GNU Toolchain arm-none-eabi/13.2 Rel1/bin/../lib/gcc/arm-none-eabi/13.2.1/thumb/v8-m.main+dp/hard\libg_nano.a(libc_a-memcpy-stub.o)

.debug_line_str
                0x00000000       0xef
 .debug_line_str
                0x00000000       0xef C:/Program Files (x86)/Arm GNU Toolchain arm-none-eabi/13.2 Rel1/bin/../lib/gcc/arm-none-eabi/13.2.1/thumb/v8-m.main+dp/hard\libg_nano.a(libc_a-strlen.o)
